[topic_state_monitor_node-14] [INFO] [1760034481.431015077] [system.topic_state_monitor_vehicle_status_velocity_status]: /vehicle/status/velocity_status has not received. Set ERROR in diagnostics.
[topic_state_monitor_node-15] [INFO] [1760034481.458396395] [system.topic_state_monitor_vehicle_status_steering_status]: /vehicle/status/steering_status has not received. Set ERROR in diagnostics.
[component_container_mt-35] [ERROR] [1760034481.498616931] [planning.scenario_planning.parking.costmap_generator]: Could not find a connection between 'map' and 'base_link' because they are not part of the same tree.Tf has two or more unconnected trees.
[component_container_mt-35] [ERROR] [1760034481.598613359] [planning.scenario_planning.parking.costmap_generator]: Could not find a connection between 'map' and 'base_link' because they are not part of the same tree.Tf has two or more unconnected trees.
[component_container_mt-35] [ERROR] [1760034481.698608906] [planning.scenario_planning.parking.costmap_generator]: Could not find a connection between 'map' and 'base_link' because they are not part of the same tree.Tf has two or more unconnected trees.
[component_container_mt-35] [ERROR] [1760034481.798619381] [planning.scenario_planning.parking.costmap_generator]: Could not find a connection between 'map' and 'base_link' because they are not part of the same tree.Tf has two or more unconnected trees.
[component_container_mt-35] [ERROR] [1760034481.898617368] [planning.scenario_planning.parking.costmap_generator]: Could not find a connection between 'map' and 'base_link' because they are not part of the same tree.Tf has two or more unconnected trees.
[autoware_scenario_selector_node-30] [INFO] [1760034481.955324601] [planning.scenario_planning.scenario_selector]: Waiting for current pose.
[component_container_mt-35] [ERROR] [1760034481.998618413] [planning.scenario_planning.parking.costmap_generator]: Could not find a connection between 'map' and 'base_link' because they are not part of the same tree.Tf has two or more unconnected trees.
[component_container_mt-35] [ERROR] [1760034482.098612060] [planning.scenario_planning.parking.costmap_generator]: Could not find a connection between 'map' and 'base_link' because they are not part of the same tree.Tf has two or more unconnected trees.
[component_container_mt-35] [ERROR] [1760034482.198614022] [planning.scenario_planning.parking.costmap_generator]: Could not find a connection between 'map' and 'base_link' because they are not part of the same tree.Tf has two or more unconnected trees.
[ERROR] [rviz2-47]: process has died [pid 1252842, exit code -6, cmd '/opt/ros/humble/lib/rviz2/rviz2 -d /home/aeon/repos/autoware/2025.02-ws/install/autoware_launch/share/autoware_launch/rviz/autoware.rviz -s /home/aeon/repos/autoware/2025.02-ws/install/autoware_launch/share/autoware_launch/rviz/image/autoware.png --ros-args -r __node:=rviz2 -p use_sim_time:=False -p wheel_radius:=0.383 -p wheel_width:=0.235 -p wheel_base:=2.79 -p wheel_tread:=1.64 -p front_overhang:=1.0 -p rear_overhang:=1.1 -p left_overhang:=0.128 -p right_overhang:=0.128 -p vehicle_height:=2.5 -p max_steer_angle:=0.7'].
[INFO] [rviz2-47]: process started with pid [1252859]
[component_container_mt-35] [ERROR] [1760034482.298618571] [planning.scenario_planning.parking.costmap_generator]: Could not find a connection between 'map' and 'base_link' because they are not part of the same tree.Tf has two or more unconnected trees.
[rviz2-47] qt.qpa.xcb: could not connect to display :1
[rviz2-47] qt.qpa.plugin: Could not load the Qt platform plugin "xcb" in "" even though it was found.
[rviz2-47] This application failed to start because no Qt platform plugin could be initialized. Reinstalling the application may fix this problem.
[rviz2-47] 
[rviz2-47] Available platform plugins are: eglfs, linuxfb, minimal, minimalegl, offscreen, vnc, xcb.
[rviz2-47] 
[component_container_mt-28] [INFO] [1760034482.391457763] [planning.mission_planning.mission_planner]: waiting odometry... Route API is not ready.
[component_container_mt-35] [ERROR] [1760034482.398649152] [planning.scenario_planning.parking.costmap_generator]: Could not find a connection between 'map' and 'base_link' because they are not part of the same tree.Tf has two or more unconnected trees.
[component_container_mt-35] [ERROR] [1760034482.498612911] [planning.scenario_planning.parking.costmap_generator]: Could not find a connection between 'map' and 'base_link' because they are not part of the same tree.Tf has two or more unconnected trees.
[component_container_mt-35] [ERROR] [1760034482.598621213] [planning.scenario_planning.parking.costmap_generator]: Could not find a connection between 'map' and 'base_link' because they are not part of the same tree.Tf has two or more unconnected trees.
[component_container_mt-35] [ERROR] [1760034482.698607570] [planning.scenario_planning.parking.costmap_generator]: Could not find a connection between 'map' and 'base_link' because they are not part of the same tree.Tf has two or more unconnected trees.
[component_container_mt-35] [ERROR] [1760034482.798610221] [planning.scenario_planning.parking.costmap_generator]: Could not find a connection between 'map' and 'base_link' because they are not part of the same tree.Tf has two or more unconnected trees.
[component_container_mt-35] [ERROR] [1760034482.898620549] [planning.scenario_planning.parking.costmap_generator]: Could not find a connection between 'map' and 'base_link' because they are not part of the same tree.Tf has two or more unconnected trees.
[component_container_mt-35] [ERROR] [1760034482.998634729] [planning.scenario_planning.parking.costmap_generator]: Could not find a connection between 'map' and 'base_link' because they are not part of the same tree.Tf has two or more unconnected trees.
[component_container_mt-35] [ERROR] [1760034483.098629806] [planning.scenario_planning.parking.costmap_generator]: Could not find a connection between 'map' and 'base_link' because they are not part of the same tree.Tf has two or more unconnected trees.
[component_container_mt-35] [ERROR] [1760034483.198617859] [planning.scenario_planning.parking.costmap_generator]: Could not find a connection between 'map' and 'base_link' because they are not part of the same tree.Tf has two or more unconnected trees.
[component_container_mt-35] [ERROR] [1760034483.298613178] [planning.scenario_planning.parking.costmap_generator]: Could not find a connection between 'map' and 'base_link' because they are not part of the same tree.Tf has two or more unconnected trees.
[ERROR] [rviz2-47]: process has died [pid 1252859, exit code -6, cmd '/opt/ros/humble/lib/rviz2/rviz2 -d /home/aeon/repos/autoware/2025.02-ws/install/autoware_launch/share/autoware_launch/rviz/autoware.rviz -s /home/aeon/repos/autoware/2025.02-ws/install/autoware_launch/share/autoware_launch/rviz/image/autoware.png --ros-args -r __node:=rviz2 -p use_sim_time:=False -p wheel_radius:=0.383 -p wheel_width:=0.235 -p wheel_base:=2.79 -p wheel_tread:=1.64 -p front_overhang:=1.0 -p rear_overhang:=1.1 -p left_overhang:=0.128 -p right_overhang:=0.128 -p vehicle_height:=2.5 -p max_steer_angle:=0.7'].
[INFO] [rviz2-47]: process started with pid [1252930]
[component_container_mt-35] [ERROR] [1760034483.398618012] [planning.scenario_planning.parking.costmap_generator]: Could not find a connection between 'map' and 'base_link' because they are not part of the same tree.Tf has two or more unconnected trees.
[topic_state_monitor_node-8] [INFO] [1760034483.452728155] [system.topic_state_monitor_initialpose3d]: /initialpose3d has not received. Set ERROR in diagnostics.
[rviz2-47] qt.qpa.xcb: could not connect to display :1
[rviz2-47] qt.qpa.plugin: Could not load the Qt platform plugin "xcb" in "" even though it was found.
[rviz2-47] This application failed to start because no Qt platform plugin could be initialized. Reinstalling the application may fix this problem.
[rviz2-47] 
[rviz2-47] Available platform plugins are: eglfs, linuxfb, minimal, minimalegl, offscreen, vnc, xcb.
[rviz2-47] 
[component_container_mt-35] [ERROR] [1760034483.498617582] [planning.scenario_planning.parking.costmap_generator]: Could not find a connection between 'map' and 'base_link' because they are not part of the same tree.Tf has two or more unconnected trees.
[component_container_mt-35] [ERROR] [1760034483.598613565] [planning.scenario_planning.parking.costmap_generator]: Could not find a connection between 'map' and 'base_link' because they are not part of the same tree.Tf has two or more unconnected trees.
[component_container_mt-35] [ERROR] [1760034483.698607480] [planning.scenario_planning.parking.costmap_generator]: Could not find a connection between 'map' and 'base_link' because they are not part of the same tree.Tf has two or more unconnected trees.
[simple_planning_simulator_exe-61] [INFO] [1760034483.748081368] [simulation.simple_planning_simulator]: waiting initialization...
[component_container_mt-35] [ERROR] [1760034483.798605997] [planning.scenario_planning.parking.costmap_generator]: Could not find a connection between 'map' and 'base_link' because they are not part of the same tree.Tf has two or more unconnected trees.
[component_container_mt-35] [ERROR] [1760034483.898607912] [planning.scenario_planning.parking.costmap_generator]: Could not find a connection between 'map' and 'base_link' because they are not part of the same tree.Tf has two or more unconnected trees.
[component_container_mt-35] [ERROR] [1760034483.998613908] [planning.scenario_planning.parking.costmap_generator]: Could not find a connection between 'map' and 'base_link' because they are not part of the same tree.Tf has two or more unconnected trees.
[topic_state_monitor_node-12] [INFO] [1760034484.077072017] [system.topic_state_monitor_trajectory_follower_control_cmd]: /control/trajectory_follower/control_cmd has not received. Set ERROR in diagnostics.
[topic_state_monitor_node-13] [INFO] [1760034484.077071108] [system.topic_state_monitor_control_command_control_cmd]: /control/command/control_cmd has not received. Set ERROR in diagnostics.
[topic_state_monitor_node-11] [INFO] [1760034484.077912088] [system.topic_state_monitor_scenario_planning_trajectory]: /planning/scenario_planning/trajectory has not received. Set ERROR in diagnostics.
[component_container_mt-35] [ERROR] [1760034484.098615949] [planning.scenario_planning.parking.costmap_generator]: Could not find a connection between 'map' and 'base_link' because they are not part of the same tree.Tf has two or more unconnected trees.
[topic_state_monitor_node-10] [INFO] [1760034484.173233172] [system.topic_state_monitor_mission_planning_route]: /planning/mission_planning/route has not received. Set ERROR in diagnostics.
[component_container_mt-35] [ERROR] [1760034484.198616020] [planning.scenario_planning.parking.costmap_generator]: Could not find a connection between 'map' and 'base_link' because they are not part of the same tree.Tf has two or more unconnected trees.
[component_container_mt-39] [INFO] [1760034484.257917312] [control.trajectory_follower.controller_node_exe]: Waiting for acceleration data
[component_container_mt-39] [INFO] [1760034484.257969634] [control.trajectory_follower.controller_node_exe]: Control is skipped since input data is not ready.
[topic_state_monitor_node-17] [INFO] [1760034484.271684505] [system.topic_state_monitor_transform_map_to_base_link]: /tf has not received. Set ERROR in diagnostics.
[component_container_mt-35] [ERROR] [1760034484.298615139] [planning.scenario_planning.parking.costmap_generator]: Could not find a connection between 'map' and 'base_link' because they are not part of the same tree.Tf has two or more unconnected trees.
[component_container_mt-40] [INFO] [1760034484.366222320] [control.trajectory_follower.lane_departure_checker_node]: waiting for current_twist msg...
[component_container_mt-35] [ERROR] [1760034484.398613925] [planning.scenario_planning.parking.costmap_generator]: Could not find a connection between 'map' and 'base_link' because they are not part of the same tree.Tf has two or more unconnected trees.
[component_container_mt-40] [INFO] [1760034484.401720508] [control.collision_detector]: waiting for current odometry...
[topic_state_monitor_node-14] [INFO] [1760034484.431019463] [system.topic_state_monitor_vehicle_status_velocity_status]: /vehicle/status/velocity_status has not received. Set ERROR in diagnostics.
[topic_state_monitor_node-15] [INFO] [1760034484.493614915] [system.topic_state_monitor_vehicle_status_steering_status]: /vehicle/status/steering_status has not received. Set ERROR in diagnostics.
[component_container_mt-35] [ERROR] [1760034484.498617017] [planning.scenario_planning.parking.costmap_generator]: Could not find a connection between 'map' and 'base_link' because they are not part of the same tree.Tf has two or more unconnected trees.
[ERROR] [rviz2-47]: process has died [pid 1252930, exit code -6, cmd '/opt/ros/humble/lib/rviz2/rviz2 -d /home/aeon/repos/autoware/2025.02-ws/install/autoware_launch/share/autoware_launch/rviz/autoware.rviz -s /home/aeon/repos/autoware/2025.02-ws/install/autoware_launch/share/autoware_launch/rviz/image/autoware.png --ros-args -r __node:=rviz2 -p use_sim_time:=False -p wheel_radius:=0.383 -p wheel_width:=0.235 -p wheel_base:=2.79 -p wheel_tread:=1.64 -p front_overhang:=1.0 -p rear_overhang:=1.1 -p left_overhang:=0.128 -p right_overhang:=0.128 -p vehicle_height:=2.5 -p max_steer_angle:=0.7'].
[INFO] [rviz2-47]: process started with pid [1252937]
[rviz2-47] qt.qpa.xcb: could not connect to display :1
[rviz2-47] qt.qpa.plugin: Could not load the Qt platform plugin "xcb" in "" even though it was found.
[rviz2-47] This application failed to start because no Qt platform plugin could be initialized. Reinstalling the application may fix this problem.
[rviz2-47] 
[rviz2-47] Available platform plugins are: eglfs, linuxfb, minimal, minimalegl, offscreen, vnc, xcb.
[rviz2-47] 
[component_container_mt-35] [ERROR] [1760034484.598621685] [planning.scenario_planning.parking.costmap_generator]: Could not find a connection between 'map' and 'base_link' because they are not part of the same tree.Tf has two or more unconnected trees.
[component_container_mt-35] [ERROR] [1760034484.698609745] [planning.scenario_planning.parking.costmap_generator]: Could not find a connection between 'map' and 'base_link' because they are not part of the same tree.Tf has two or more unconnected trees.
[component_container_mt-40] [INFO] [1760034484.731754222] [control.autonomous_emergency_braking]: [AEB] waiting for ego velocity
[component_container_mt-35] [ERROR] [1760034484.798611264] [planning.scenario_planning.parking.costmap_generator]: Could not find a connection between 'map' and 'base_link' because they are not part of the same tree.Tf has two or more unconnected trees.
[component_container_mt-35] [ERROR] [1760034484.898609573] [planning.scenario_planning.parking.costmap_generator]: Could not find a connection between 'map' and 'base_link' because they are not part of the same tree.Tf has two or more unconnected trees.
[component_container_mt-35] [ERROR] [1760034484.998612662] [planning.scenario_planning.parking.costmap_generator]: Could not find a connection between 'map' and 'base_link' because they are not part of the same tree.Tf has two or more unconnected trees.
[component_container_mt-35] [ERROR] [1760034485.098623865] [planning.scenario_planning.parking.costmap_generator]: Could not find a connection between 'map' and 'base_link' because they are not part of the same tree.Tf has two or more unconnected trees.
[component_container_mt-35] [ERROR] [1760034485.198614864] [planning.scenario_planning.parking.costmap_generator]: Could not find a connection between 'map' and 'base_link' because they are not part of the same tree.Tf has two or more unconnected trees.
[component_container_mt-35] [ERROR] [1760034485.298612504] [planning.scenario_planning.parking.costmap_generator]: Could not find a connection between 'map' and 'base_link' because they are not part of the same tree.Tf has two or more unconnected trees.
[component_container_mt-35] [ERROR] [1760034485.398618677] [planning.scenario_planning.parking.costmap_generator]: Could not find a connection between 'map' and 'base_link' because they are not part of the same tree.Tf has two or more unconnected trees.
[component_container_mt-35] [ERROR] [1760034485.498616344] [planning.scenario_planning.parking.costmap_generator]: Could not find a connection between 'map' and 'base_link' because they are not part of the same tree.Tf has two or more unconnected trees.
[component_container_mt-35] [ERROR] [1760034485.598616700] [planning.scenario_planning.parking.costmap_generator]: Could not find a connection between 'map' and 'base_link' because they are not part of the same tree.Tf has two or more unconnected trees.
[ERROR] [rviz2-47]: process has died [pid 1252937, exit code -6, cmd '/opt/ros/humble/lib/rviz2/rviz2 -d /home/aeon/repos/autoware/2025.02-ws/install/autoware_launch/share/autoware_launch/rviz/autoware.rviz -s /home/aeon/repos/autoware/2025.02-ws/install/autoware_launch/share/autoware_launch/rviz/image/autoware.png --ros-args -r __node:=rviz2 -p use_sim_time:=False -p wheel_radius:=0.383 -p wheel_width:=0.235 -p wheel_base:=2.79 -p wheel_tread:=1.64 -p front_overhang:=1.0 -p rear_overhang:=1.1 -p left_overhang:=0.128 -p right_overhang:=0.128 -p vehicle_height:=2.5 -p max_steer_angle:=0.7'].
[INFO] [rviz2-47]: process started with pid [1252944]
[component_container_mt-35] [ERROR] [1760034485.698616344] [planning.scenario_planning.parking.costmap_generator]: Could not find a connection between 'map' and 'base_link' because they are not part of the same tree.Tf has two or more unconnected trees.
[rviz2-47] qt.qpa.xcb: could not connect to display :1
[rviz2-47] qt.qpa.plugin: Could not load the Qt platform plugin "xcb" in "" even though it was found.
[rviz2-47] This application failed to start because no Qt platform plugin could be initialized. Reinstalling the application may fix this problem.
[rviz2-47] 
[rviz2-47] Available platform plugins are: eglfs, linuxfb, minimal, minimalegl, offscreen, vnc, xcb.
[rviz2-47] 
[component_container_mt-35] [ERROR] [1760034485.798610055] [planning.scenario_planning.parking.costmap_generator]: Could not find a connection between 'map' and 'base_link' because they are not part of the same tree.Tf has two or more unconnected trees.
[component_container_mt-35] [ERROR] [1760034485.898609775] [planning.scenario_planning.parking.costmap_generator]: Could not find a connection between 'map' and 'base_link' because they are not part of the same tree.Tf has two or more unconnected trees.
[component_container_mt-35] [ERROR] [1760034485.998607648] [planning.scenario_planning.parking.costmap_generator]: Could not find a connection between 'map' and 'base_link' because they are not part of the same tree.Tf has two or more unconnected trees.
[component_container_mt-35] [ERROR] [1760034486.098611224] [planning.scenario_planning.parking.costmap_generator]: Could not find a connection between 'map' and 'base_link' because they are not part of the same tree.Tf has two or more unconnected trees.
[component_container_mt-35] [ERROR] [1760034486.198614324] [planning.scenario_planning.parking.costmap_generator]: Could not find a connection between 'map' and 'base_link' because they are not part of the same tree.Tf has two or more unconnected trees.
[component_container_mt-35] [ERROR] [1760034486.298614364] [planning.scenario_planning.parking.costmap_generator]: Could not find a connection between 'map' and 'base_link' because they are not part of the same tree.Tf has two or more unconnected trees.
[component_container_mt-33] [INFO] [1760034486.354386734] [planning.scenario_planning.lane_driving.behavior_planning.behavior_path_planner]: waiting for scenario_topic
[component_container_mt-35] [ERROR] [1760034486.398613966] [planning.scenario_planning.parking.costmap_generator]: Could not find a connection between 'map' and 'base_link' because they are not part of the same tree.Tf has two or more unconnected trees.
[component_container_mt-35] [ERROR] [1760034486.498613770] [planning.scenario_planning.parking.costmap_generator]: Could not find a connection between 'map' and 'base_link' because they are not part of the same tree.Tf has two or more unconnected trees.
[topic_state_monitor_node-8] [INFO] [1760034486.549846580] [system.topic_state_monitor_initialpose3d]: /initialpose3d has not received. Set ERROR in diagnostics.
[component_container_mt-35] [ERROR] [1760034486.598616913] [planning.scenario_planning.parking.costmap_generator]: Could not find a connection between 'map' and 'base_link' because they are not part of the same tree.Tf has two or more unconnected trees.
[component_container_mt-35] [ERROR] [1760034486.698590242] [planning.scenario_planning.parking.costmap_generator]: Could not find a connection between 'map' and 'base_link' because they are not part of the same tree.Tf has two or more unconnected trees.
[ERROR] [rviz2-47]: process has died [pid 1252944, exit code -6, cmd '/opt/ros/humble/lib/rviz2/rviz2 -d /home/aeon/repos/autoware/2025.02-ws/install/autoware_launch/share/autoware_launch/rviz/autoware.rviz -s /home/aeon/repos/autoware/2025.02-ws/install/autoware_launch/share/autoware_launch/rviz/image/autoware.png --ros-args -r __node:=rviz2 -p use_sim_time:=False -p wheel_radius:=0.383 -p wheel_width:=0.235 -p wheel_base:=2.79 -p wheel_tread:=1.64 -p front_overhang:=1.0 -p rear_overhang:=1.1 -p left_overhang:=0.128 -p right_overhang:=0.128 -p vehicle_height:=2.5 -p max_steer_angle:=0.7'].
[INFO] [rviz2-47]: process started with pid [1252968]
[component_container_mt-35] [ERROR] [1760034486.798614091] [planning.scenario_planning.parking.costmap_generator]: Could not find a connection between 'map' and 'base_link' because they are not part of the same tree.Tf has two or more unconnected trees.
[rviz2-47] qt.qpa.xcb: could not connect to display :1
[rviz2-47] qt.qpa.plugin: Could not load the Qt platform plugin "xcb" in "" even though it was found.
[rviz2-47] This application failed to start because no Qt platform plugin could be initialized. Reinstalling the application may fix this problem.
[rviz2-47] 
[rviz2-47] Available platform plugins are: eglfs, linuxfb, minimal, minimalegl, offscreen, vnc, xcb.
[rviz2-47] 
[component_container_mt-35] [ERROR] [1760034486.898597445] [planning.scenario_planning.parking.costmap_generator]: Could not find a connection between 'map' and 'base_link' because they are not part of the same tree.Tf has two or more unconnected trees.
[autoware_scenario_selector_node-30] [INFO] [1760034486.955332668] [planning.scenario_planning.scenario_selector]: Waiting for current pose.
[component_container_mt-35] [ERROR] [1760034486.998610690] [planning.scenario_planning.parking.costmap_generator]: Could not find a connection between 'map' and 'base_link' because they are not part of the same tree.Tf has two or more unconnected trees.
[topic_state_monitor_node-12] [INFO] [1760034487.077073814] [system.topic_state_monitor_trajectory_follower_control_cmd]: /control/trajectory_follower/control_cmd has not received. Set ERROR in diagnostics.
[topic_state_monitor_node-13] [INFO] [1760034487.077072489] [system.topic_state_monitor_control_command_control_cmd]: /control/command/control_cmd has not received. Set ERROR in diagnostics.
[topic_state_monitor_node-11] [INFO] [1760034487.077912414] [system.topic_state_monitor_scenario_planning_trajectory]: /planning/scenario_planning/trajectory has not received. Set ERROR in diagnostics.
[component_container_mt-35] [ERROR] [1760034487.098608415] [planning.scenario_planning.parking.costmap_generator]: Could not find a connection between 'map' and 'base_link' because they are not part of the same tree.Tf has two or more unconnected trees.
[topic_state_monitor_node-10] [INFO] [1760034487.173274440] [system.topic_state_monitor_mission_planning_route]: /planning/mission_planning/route has not received. Set ERROR in diagnostics.
[component_container_mt-35] [ERROR] [1760034487.198610524] [planning.scenario_planning.parking.costmap_generator]: Could not find a connection between 'map' and 'base_link' because they are not part of the same tree.Tf has two or more unconnected trees.
[component_container_mt-35] [ERROR] [1760034487.298612116] [planning.scenario_planning.parking.costmap_generator]: Could not find a connection between 'map' and 'base_link' because they are not part of the same tree.Tf has two or more unconnected trees.
[topic_state_monitor_node-17] [INFO] [1760034487.371661845] [system.topic_state_monitor_transform_map_to_base_link]: /tf has not received. Set ERROR in diagnostics.
[component_container_mt-28] [INFO] [1760034487.391459551] [planning.mission_planning.mission_planner]: waiting odometry... Route API is not ready.
[component_container_mt-35] [ERROR] [1760034487.398614146] [planning.scenario_planning.parking.costmap_generator]: Could not find a connection between 'map' and 'base_link' because they are not part of the same tree.Tf has two or more unconnected trees.
[topic_state_monitor_node-14] [INFO] [1760034487.493523654] [system.topic_state_monitor_vehicle_status_velocity_status]: /vehicle/status/velocity_status has not received. Set ERROR in diagnostics.
[topic_state_monitor_node-15] [INFO] [1760034487.493619360] [system.topic_state_monitor_vehicle_status_steering_status]: /vehicle/status/steering_status has not received. Set ERROR in diagnostics.
[component_container_mt-35] [ERROR] [1760034487.498615561] [planning.scenario_planning.parking.costmap_generator]: Could not find a connection between 'map' and 'base_link' because they are not part of the same tree.Tf has two or more unconnected trees.
[component_container_mt-35] [ERROR] [1760034487.598618104] [planning.scenario_planning.parking.costmap_generator]: Could not find a connection between 'map' and 'base_link' because they are not part of the same tree.Tf has two or more unconnected trees.
[component_container_mt-35] [ERROR] [1760034487.698633429] [planning.scenario_planning.parking.costmap_generator]: Could not find a connection between 'map' and 'base_link' because they are not part of the same tree.Tf has two or more unconnected trees.
[component_container_mt-35] [ERROR] [1760034487.798615509] [planning.scenario_planning.parking.costmap_generator]: Could not find a connection between 'map' and 'base_link' because they are not part of the same tree.Tf has two or more unconnected trees.
[component_container_mt-35] [ERROR] [1760034487.898613391] [planning.scenario_planning.parking.costmap_generator]: Could not find a connection between 'map' and 'base_link' because they are not part of the same tree.Tf has two or more unconnected trees.
[ERROR] [rviz2-47]: process has died [pid 1252968, exit code -6, cmd '/opt/ros/humble/lib/rviz2/rviz2 -d /home/aeon/repos/autoware/2025.02-ws/install/autoware_launch/share/autoware_launch/rviz/autoware.rviz -s /home/aeon/repos/autoware/2025.02-ws/install/autoware_launch/share/autoware_launch/rviz/image/autoware.png --ros-args -r __node:=rviz2 -p use_sim_time:=False -p wheel_radius:=0.383 -p wheel_width:=0.235 -p wheel_base:=2.79 -p wheel_tread:=1.64 -p front_overhang:=1.0 -p rear_overhang:=1.1 -p left_overhang:=0.128 -p right_overhang:=0.128 -p vehicle_height:=2.5 -p max_steer_angle:=0.7'].
[INFO] [rviz2-47]: process started with pid [1252980]
[rviz2-47] qt.qpa.xcb: could not connect to display :1
[rviz2-47] qt.qpa.plugin: Could not load the Qt platform plugin "xcb" in "" even though it was found.
[rviz2-47] This application failed to start because no Qt platform plugin could be initialized. Reinstalling the application may fix this problem.
[rviz2-47] 
[rviz2-47] Available platform plugins are: eglfs, linuxfb, minimal, minimalegl, offscreen, vnc, xcb.
[rviz2-47] 
[component_container_mt-35] [ERROR] [1760034487.998651480] [planning.scenario_planning.parking.costmap_generator]: Could not find a connection between 'map' and 'base_link' because they are not part of the same tree.Tf has two or more unconnected trees.
[component_container_mt-35] [ERROR] [1760034488.098615862] [planning.scenario_planning.parking.costmap_generator]: Could not find a connection between 'map' and 'base_link' because they are not part of the same tree.Tf has two or more unconnected trees.
[component_container_mt-35] [ERROR] [1760034488.198612739] [planning.scenario_planning.parking.costmap_generator]: Could not find a connection between 'map' and 'base_link' because they are not part of the same tree.Tf has two or more unconnected trees.
[component_container_mt-35] [ERROR] [1760034488.298610840] [planning.scenario_planning.parking.costmap_generator]: Could not find a connection between 'map' and 'base_link' because they are not part of the same tree.Tf has two or more unconnected trees.
[component_container_mt-35] [ERROR] [1760034488.398606218] [planning.scenario_planning.parking.costmap_generator]: Could not find a connection between 'map' and 'base_link' because they are not part of the same tree.Tf has two or more unconnected trees.
[component_container_mt-35] [ERROR] [1760034488.498621043] [planning.scenario_planning.parking.costmap_generator]: Could not find a connection between 'map' and 'base_link' because they are not part of the same tree.Tf has two or more unconnected trees.
[component_container_mt-35] [ERROR] [1760034488.598624806] [planning.scenario_planning.parking.costmap_generator]: Could not find a connection between 'map' and 'base_link' because they are not part of the same tree.Tf has two or more unconnected trees.
[component_container_mt-35] [ERROR] [1760034488.698616201] [planning.scenario_planning.parking.costmap_generator]: Could not find a connection between 'map' and 'base_link' because they are not part of the same tree.Tf has two or more unconnected trees.
[simple_planning_simulator_exe-61] [INFO] [1760034488.773037075] [simulation.simple_planning_simulator]: waiting initialization...
[component_container_mt-35] [ERROR] [1760034488.798619600] [planning.scenario_planning.parking.costmap_generator]: Could not find a connection between 'map' and 'base_link' because they are not part of the same tree.Tf has two or more unconnected trees.
[component_container_mt-35] [ERROR] [1760034488.898613365] [planning.scenario_planning.parking.costmap_generator]: Could not find a connection between 'map' and 'base_link' because they are not part of the same tree.Tf has two or more unconnected trees.
[component_container_mt-35] [ERROR] [1760034488.998615198] [planning.scenario_planning.parking.costmap_generator]: Could not find a connection between 'map' and 'base_link' because they are not part of the same tree.Tf has two or more unconnected trees.
[ERROR] [rviz2-47]: process has died [pid 1252980, exit code -6, cmd '/opt/ros/humble/lib/rviz2/rviz2 -d /home/aeon/repos/autoware/2025.02-ws/install/autoware_launch/share/autoware_launch/rviz/autoware.rviz -s /home/aeon/repos/autoware/2025.02-ws/install/autoware_launch/share/autoware_launch/rviz/image/autoware.png --ros-args -r __node:=rviz2 -p use_sim_time:=False -p wheel_radius:=0.383 -p wheel_width:=0.235 -p wheel_base:=2.79 -p wheel_tread:=1.64 -p front_overhang:=1.0 -p rear_overhang:=1.1 -p left_overhang:=0.128 -p right_overhang:=0.128 -p vehicle_height:=2.5 -p max_steer_angle:=0.7'].
[INFO] [rviz2-47]: process started with pid [1253045]
[component_container_mt-35] [ERROR] [1760034489.098611284] [planning.scenario_planning.parking.costmap_generator]: Could not find a connection between 'map' and 'base_link' because they are not part of the same tree.Tf has two or more unconnected trees.
[rviz2-47] qt.qpa.xcb: could not connect to display :1
[rviz2-47] qt.qpa.plugin: Could not load the Qt platform plugin "xcb" in "" even though it was found.
[rviz2-47] This application failed to start because no Qt platform plugin could be initialized. Reinstalling the application may fix this problem.
[rviz2-47] 
[rviz2-47] Available platform plugins are: eglfs, linuxfb, minimal, minimalegl, offscreen, vnc, xcb.
[rviz2-47] 
[component_container_mt-35] [ERROR] [1760034489.198610868] [planning.scenario_planning.parking.costmap_generator]: Could not find a connection between 'map' and 'base_link' because they are not part of the same tree.Tf has two or more unconnected trees.
[component_container_mt-39] [INFO] [1760034489.267886573] [control.trajectory_follower.controller_node_exe]: Waiting for acceleration data
[component_container_mt-39] [INFO] [1760034489.267931982] [control.trajectory_follower.controller_node_exe]: Control is skipped since input data is not ready.
[component_container_mt-35] [ERROR] [1760034489.298606851] [planning.scenario_planning.parking.costmap_generator]: Could not find a connection between 'map' and 'base_link' because they are not part of the same tree.Tf has two or more unconnected trees.
[component_container_mt-35] [ERROR] [1760034489.398606982] [planning.scenario_planning.parking.costmap_generator]: Could not find a connection between 'map' and 'base_link' because they are not part of the same tree.Tf has two or more unconnected trees.
[component_container_mt-40] [INFO] [1760034489.466199620] [control.trajectory_follower.lane_departure_checker_node]: waiting for current_twist msg...
[component_container_mt-35] [ERROR] [1760034489.498615125] [planning.scenario_planning.parking.costmap_generator]: Could not find a connection between 'map' and 'base_link' because they are not part of the same tree.Tf has two or more unconnected trees.
[component_container_mt-40] [INFO] [1760034489.501621273] [control.collision_detector]: waiting for current odometry...
[topic_state_monitor_node-8] [INFO] [1760034489.552738577] [system.topic_state_monitor_initialpose3d]: /initialpose3d has not received. Set ERROR in diagnostics.
[component_container_mt-35] [ERROR] [1760034489.598614634] [planning.scenario_planning.parking.costmap_generator]: Could not find a connection between 'map' and 'base_link' because they are not part of the same tree.Tf has two or more unconnected trees.
[component_container_mt-35] [ERROR] [1760034489.698613943] [planning.scenario_planning.parking.costmap_generator]: Could not find a connection between 'map' and 'base_link' because they are not part of the same tree.Tf has two or more unconnected trees.
[component_container_mt-35] [ERROR] [1760034489.798611884] [planning.scenario_planning.parking.costmap_generator]: Could not find a connection between 'map' and 'base_link' because they are not part of the same tree.Tf has two or more unconnected trees.
[component_container_mt-40] [INFO] [1760034489.831763953] [control.autonomous_emergency_braking]: [AEB] waiting for ego velocity
[component_container_mt-35] [ERROR] [1760034489.898615852] [planning.scenario_planning.parking.costmap_generator]: Could not find a connection between 'map' and 'base_link' because they are not part of the same tree.Tf has two or more unconnected trees.
[component_container_mt-35] [ERROR] [1760034489.998617620] [planning.scenario_planning.parking.costmap_generator]: Could not find a connection between 'map' and 'base_link' because they are not part of the same tree.Tf has two or more unconnected trees.
[topic_state_monitor_node-13] [INFO] [1760034490.077074175] [system.topic_state_monitor_control_command_control_cmd]: /control/command/control_cmd has not received. Set ERROR in diagnostics.
[topic_state_monitor_node-12] [INFO] [1760034490.077074587] [system.topic_state_monitor_trajectory_follower_control_cmd]: /control/trajectory_follower/control_cmd has not received. Set ERROR in diagnostics.
[topic_state_monitor_node-11] [INFO] [1760034490.077912783] [system.topic_state_monitor_scenario_planning_trajectory]: /planning/scenario_planning/trajectory has not received. Set ERROR in diagnostics.
[component_container_mt-35] [ERROR] [1760034490.098618698] [planning.scenario_planning.parking.costmap_generator]: Could not find a connection between 'map' and 'base_link' because they are not part of the same tree.Tf has two or more unconnected trees.
[ERROR] [rviz2-47]: process has died [pid 1253045, exit code -6, cmd '/opt/ros/humble/lib/rviz2/rviz2 -d /home/aeon/repos/autoware/2025.02-ws/install/autoware_launch/share/autoware_launch/rviz/autoware.rviz -s /home/aeon/repos/autoware/2025.02-ws/install/autoware_launch/share/autoware_launch/rviz/image/autoware.png --ros-args -r __node:=rviz2 -p use_sim_time:=False -p wheel_radius:=0.383 -p wheel_width:=0.235 -p wheel_base:=2.79 -p wheel_tread:=1.64 -p front_overhang:=1.0 -p rear_overhang:=1.1 -p left_overhang:=0.128 -p right_overhang:=0.128 -p vehicle_height:=2.5 -p max_steer_angle:=0.7'].
[INFO] [rviz2-47]: process started with pid [1253052]
[component_container_mt-35] [ERROR] [1760034490.198592279] [planning.scenario_planning.parking.costmap_generator]: Could not find a connection between 'map' and 'base_link' because they are not part of the same tree.Tf has two or more unconnected trees.
[rviz2-47] qt.qpa.xcb: could not connect to display :1
[rviz2-47] qt.qpa.plugin: Could not load the Qt platform plugin "xcb" in "" even though it was found.
[rviz2-47] This application failed to start because no Qt platform plugin could be initialized. Reinstalling the application may fix this problem.
[rviz2-47] 
[rviz2-47] Available platform plugins are: eglfs, linuxfb, minimal, minimalegl, offscreen, vnc, xcb.
[rviz2-47] 
[topic_state_monitor_node-10] [INFO] [1760034490.273234756] [system.topic_state_monitor_mission_planning_route]: /planning/mission_planning/route has not received. Set ERROR in diagnostics.
[component_container_mt-35] [ERROR] [1760034490.298616308] [planning.scenario_planning.parking.costmap_generator]: Could not find a connection between 'map' and 'base_link' because they are not part of the same tree.Tf has two or more unconnected trees.
[component_container_mt-35] [ERROR] [1760034490.398609922] [planning.scenario_planning.parking.costmap_generator]: Could not find a connection between 'map' and 'base_link' because they are not part of the same tree.Tf has two or more unconnected trees.
[topic_state_monitor_node-17] [INFO] [1760034490.469557404] [system.topic_state_monitor_transform_map_to_base_link]: /tf has not received. Set ERROR in diagnostics.
[topic_state_monitor_node-14] [INFO] [1760034490.493525140] [system.topic_state_monitor_vehicle_status_velocity_status]: /vehicle/status/velocity_status has not received. Set ERROR in diagnostics.
[component_container_mt-35] [ERROR] [1760034490.498613028] [planning.scenario_planning.parking.costmap_generator]: Could not find a connection between 'map' and 'base_link' because they are not part of the same tree.Tf has two or more unconnected trees.
[topic_state_monitor_node-15] [INFO] [1760034490.593587516] [system.topic_state_monitor_vehicle_status_steering_status]: /vehicle/status/steering_status has not received. Set ERROR in diagnostics.
[component_container_mt-35] [ERROR] [1760034490.598616302] [planning.scenario_planning.parking.costmap_generator]: Could not find a connection between 'map' and 'base_link' because they are not part of the same tree.Tf has two or more unconnected trees.
[component_container_mt-35] [ERROR] [1760034490.698611729] [planning.scenario_planning.parking.costmap_generator]: Could not find a connection between 'map' and 'base_link' because they are not part of the same tree.Tf has two or more unconnected trees.
[component_container_mt-35] [ERROR] [1760034490.798610146] [planning.scenario_planning.parking.costmap_generator]: Could not find a connection between 'map' and 'base_link' because they are not part of the same tree.Tf has two or more unconnected trees.
[component_container_mt-35] [ERROR] [1760034490.898615314] [planning.scenario_planning.parking.costmap_generator]: Could not find a connection between 'map' and 'base_link' because they are not part of the same tree.Tf has two or more unconnected trees.
[component_container_mt-35] [ERROR] [1760034490.998616427] [planning.scenario_planning.parking.costmap_generator]: Could not find a connection between 'map' and 'base_link' because they are not part of the same tree.Tf has two or more unconnected trees.
[component_container_mt-35] [ERROR] [1760034491.098614432] [planning.scenario_planning.parking.costmap_generator]: Could not find a connection between 'map' and 'base_link' because they are not part of the same tree.Tf has two or more unconnected trees.
[component_container_mt-35] [ERROR] [1760034491.198611998] [planning.scenario_planning.parking.costmap_generator]: Could not find a connection between 'map' and 'base_link' because they are not part of the same tree.Tf has two or more unconnected trees.
[component_container_mt-35] [ERROR] [1760034491.298610862] [planning.scenario_planning.parking.costmap_generator]: Could not find a connection between 'map' and 'base_link' because they are not part of the same tree.Tf has two or more unconnected trees.
[ERROR] [rviz2-47]: process has died [pid 1253052, exit code -6, cmd '/opt/ros/humble/lib/rviz2/rviz2 -d /home/aeon/repos/autoware/2025.02-ws/install/autoware_launch/share/autoware_launch/rviz/autoware.rviz -s /home/aeon/repos/autoware/2025.02-ws/install/autoware_launch/share/autoware_launch/rviz/image/autoware.png --ros-args -r __node:=rviz2 -p use_sim_time:=False -p wheel_radius:=0.383 -p wheel_width:=0.235 -p wheel_base:=2.79 -p wheel_tread:=1.64 -p front_overhang:=1.0 -p rear_overhang:=1.1 -p left_overhang:=0.128 -p right_overhang:=0.128 -p vehicle_height:=2.5 -p max_steer_angle:=0.7'].
[INFO] [rviz2-47]: process started with pid [1253059]
[rviz2-47] qt.qpa.xcb: could not connect to display :1
[rviz2-47] qt.qpa.plugin: Could not load the Qt platform plugin "xcb" in "" even though it was found.
[rviz2-47] This application failed to start because no Qt platform plugin could be initialized. Reinstalling the application may fix this problem.
[rviz2-47] 
[rviz2-47] Available platform plugins are: eglfs, linuxfb, minimal, minimalegl, offscreen, vnc, xcb.
[rviz2-47] 
[component_container_mt-35] [ERROR] [1760034491.398654204] [planning.scenario_planning.parking.costmap_generator]: Could not find a connection between 'map' and 'base_link' because they are not part of the same tree.Tf has two or more unconnected trees.
[component_container_mt-33] [INFO] [1760034491.454388502] [planning.scenario_planning.lane_driving.behavior_planning.behavior_path_planner]: waiting for scenario_topic
[component_container_mt-35] [ERROR] [1760034491.498609449] [planning.scenario_planning.parking.costmap_generator]: Could not find a connection between 'map' and 'base_link' because they are not part of the same tree.Tf has two or more unconnected trees.
[component_container_mt-35] [ERROR] [1760034491.598611412] [planning.scenario_planning.parking.costmap_generator]: Could not find a connection between 'map' and 'base_link' because they are not part of the same tree.Tf has two or more unconnected trees.
[component_container_mt-35] [ERROR] [1760034491.698615528] [planning.scenario_planning.parking.costmap_generator]: Could not find a connection between 'map' and 'base_link' because they are not part of the same tree.Tf has two or more unconnected trees.
[component_container_mt-35] [ERROR] [1760034491.798615756] [planning.scenario_planning.parking.costmap_generator]: Could not find a connection between 'map' and 'base_link' because they are not part of the same tree.Tf has two or more unconnected trees.
[component_container_mt-35] [ERROR] [1760034491.898613474] [planning.scenario_planning.parking.costmap_generator]: Could not find a connection between 'map' and 'base_link' because they are not part of the same tree.Tf has two or more unconnected trees.
[component_container_mt-35] [ERROR] [1760034491.998615244] [planning.scenario_planning.parking.costmap_generator]: Could not find a connection between 'map' and 'base_link' because they are not part of the same tree.Tf has two or more unconnected trees.
[autoware_scenario_selector_node-30] [INFO] [1760034492.055347990] [planning.scenario_planning.scenario_selector]: Waiting for current pose.
[component_container_mt-35] [ERROR] [1760034492.098615369] [planning.scenario_planning.parking.costmap_generator]: Could not find a connection between 'map' and 'base_link' because they are not part of the same tree.Tf has two or more unconnected trees.
[component_container_mt-35] [ERROR] [1760034492.198612133] [planning.scenario_planning.parking.costmap_generator]: Could not find a connection between 'map' and 'base_link' because they are not part of the same tree.Tf has two or more unconnected trees.
[component_container_mt-35] [ERROR] [1760034492.298614482] [planning.scenario_planning.parking.costmap_generator]: Could not find a connection between 'map' and 'base_link' because they are not part of the same tree.Tf has two or more unconnected trees.
[component_container_mt-28] [INFO] [1760034492.391489164] [planning.mission_planning.mission_planner]: waiting odometry... Route API is not ready.
[component_container_mt-35] [ERROR] [1760034492.398610651] [planning.scenario_planning.parking.costmap_generator]: Could not find a connection between 'map' and 'base_link' because they are not part of the same tree.Tf has two or more unconnected trees.
[ERROR] [rviz2-47]: process has died [pid 1253059, exit code -6, cmd '/opt/ros/humble/lib/rviz2/rviz2 -d /home/aeon/repos/autoware/2025.02-ws/install/autoware_launch/share/autoware_launch/rviz/autoware.rviz -s /home/aeon/repos/autoware/2025.02-ws/install/autoware_launch/share/autoware_launch/rviz/image/autoware.png --ros-args -r __node:=rviz2 -p use_sim_time:=False -p wheel_radius:=0.383 -p wheel_width:=0.235 -p wheel_base:=2.79 -p wheel_tread:=1.64 -p front_overhang:=1.0 -p rear_overhang:=1.1 -p left_overhang:=0.128 -p right_overhang:=0.128 -p vehicle_height:=2.5 -p max_steer_angle:=0.7'].
[INFO] [rviz2-47]: process started with pid [1253082]
[component_container_mt-35] [ERROR] [1760034492.498612757] [planning.scenario_planning.parking.costmap_generator]: Could not find a connection between 'map' and 'base_link' because they are not part of the same tree.Tf has two or more unconnected trees.
[rviz2-47] qt.qpa.xcb: could not connect to display :1
[rviz2-47] qt.qpa.plugin: Could not load the Qt platform plugin "xcb" in "" even though it was found.
[rviz2-47] This application failed to start because no Qt platform plugin could be initialized. Reinstalling the application may fix this problem.
[rviz2-47] 
[rviz2-47] Available platform plugins are: eglfs, linuxfb, minimal, minimalegl, offscreen, vnc, xcb.
[rviz2-47] 
[topic_state_monitor_node-8] [INFO] [1760034492.552739534] [system.topic_state_monitor_initialpose3d]: /initialpose3d has not received. Set ERROR in diagnostics.
[component_container_mt-35] [ERROR] [1760034492.598612182] [planning.scenario_planning.parking.costmap_generator]: Could not find a connection between 'map' and 'base_link' because they are not part of the same tree.Tf has two or more unconnected trees.
[component_container_mt-35] [ERROR] [1760034492.698609434] [planning.scenario_planning.parking.costmap_generator]: Could not find a connection between 'map' and 'base_link' because they are not part of the same tree.Tf has two or more unconnected trees.
[component_container_mt-35] [ERROR] [1760034492.798617515] [planning.scenario_planning.parking.costmap_generator]: Could not find a connection between 'map' and 'base_link' because they are not part of the same tree.Tf has two or more unconnected trees.
[component_container_mt-35] [ERROR] [1760034492.898614147] [planning.scenario_planning.parking.costmap_generator]: Could not find a connection between 'map' and 'base_link' because they are not part of the same tree.Tf has two or more unconnected trees.
[component_container_mt-35] [ERROR] [1760034492.998615984] [planning.scenario_planning.parking.costmap_generator]: Could not find a connection between 'map' and 'base_link' because they are not part of the same tree.Tf has two or more unconnected trees.
[topic_state_monitor_node-12] [INFO] [1760034493.077075960] [system.topic_state_monitor_trajectory_follower_control_cmd]: /control/trajectory_follower/control_cmd has not received. Set ERROR in diagnostics.
[component_container_mt-35] [ERROR] [1760034493.098617385] [planning.scenario_planning.parking.costmap_generator]: Could not find a connection between 'map' and 'base_link' because they are not part of the same tree.Tf has two or more unconnected trees.
[topic_state_monitor_node-13] [INFO] [1760034493.177110870] [system.topic_state_monitor_control_command_control_cmd]: /control/command/control_cmd has not received. Set ERROR in diagnostics.
[topic_state_monitor_node-11] [INFO] [1760034493.177915417] [system.topic_state_monitor_scenario_planning_trajectory]: /planning/scenario_planning/trajectory has not received. Set ERROR in diagnostics.
[component_container_mt-35] [ERROR] [1760034493.198616212] [planning.scenario_planning.parking.costmap_generator]: Could not find a connection between 'map' and 'base_link' because they are not part of the same tree.Tf has two or more unconnected trees.
[component_container_mt-35] [ERROR] [1760034493.298614027] [planning.scenario_planning.parking.costmap_generator]: Could not find a connection between 'map' and 'base_link' because they are not part of the same tree.Tf has two or more unconnected trees.
[topic_state_monitor_node-10] [INFO] [1760034493.373232757] [system.topic_state_monitor_mission_planning_route]: /planning/mission_planning/route has not received. Set ERROR in diagnostics.
