[component_container_mt-35] [ERROR] [1760034446.298611714] [planning.scenario_planning.parking.costmap_generator]: Could not find a connection between 'map' and 'base_link' because they are not part of the same tree.Tf has two or more unconnected trees.
[component_container_mt-35] [ERROR] [1760034446.398605498] [planning.scenario_planning.parking.costmap_generator]: Could not find a connection between 'map' and 'base_link' because they are not part of the same tree.Tf has two or more unconnected trees.
[component_container_mt-35] [ERROR] [1760034446.498613655] [planning.scenario_planning.parking.costmap_generator]: Could not find a connection between 'map' and 'base_link' because they are not part of the same tree.Tf has two or more unconnected trees.
[autoware_scenario_selector_node-30] [INFO] [1760034446.555309073] [planning.scenario_planning.scenario_selector]: Waiting for current pose.
[component_container_mt-35] [ERROR] [1760034446.598617790] [planning.scenario_planning.parking.costmap_generator]: Could not find a connection between 'map' and 'base_link' because they are not part of the same tree.Tf has two or more unconnected trees.
[component_container_mt-35] [ERROR] [1760034446.698614349] [planning.scenario_planning.parking.costmap_generator]: Could not find a connection between 'map' and 'base_link' because they are not part of the same tree.Tf has two or more unconnected trees.
[component_container_mt-35] [ERROR] [1760034446.798657016] [planning.scenario_planning.parking.costmap_generator]: Could not find a connection between 'map' and 'base_link' because they are not part of the same tree.Tf has two or more unconnected trees.
[topic_state_monitor_node-8] [INFO] [1760034446.852723857] [system.topic_state_monitor_initialpose3d]: /initialpose3d has not received. Set ERROR in diagnostics.
[component_container_mt-35] [ERROR] [1760034446.898617918] [planning.scenario_planning.parking.costmap_generator]: Could not find a connection between 'map' and 'base_link' because they are not part of the same tree.Tf has two or more unconnected trees.
[component_container_mt-35] [ERROR] [1760034446.998616438] [planning.scenario_planning.parking.costmap_generator]: Could not find a connection between 'map' and 'base_link' because they are not part of the same tree.Tf has two or more unconnected trees.
[component_container_mt-35] [ERROR] [1760034447.098613181] [planning.scenario_planning.parking.costmap_generator]: Could not find a connection between 'map' and 'base_link' because they are not part of the same tree.Tf has two or more unconnected trees.
[ERROR] [rviz2-47]: process has died [pid 1252142, exit code -6, cmd '/opt/ros/humble/lib/rviz2/rviz2 -d /home/aeon/repos/autoware/2025.02-ws/install/autoware_launch/share/autoware_launch/rviz/autoware.rviz -s /home/aeon/repos/autoware/2025.02-ws/install/autoware_launch/share/autoware_launch/rviz/image/autoware.png --ros-args -r __node:=rviz2 -p use_sim_time:=False -p wheel_radius:=0.383 -p wheel_width:=0.235 -p wheel_base:=2.79 -p wheel_tread:=1.64 -p front_overhang:=1.0 -p rear_overhang:=1.1 -p left_overhang:=0.128 -p right_overhang:=0.128 -p vehicle_height:=2.5 -p max_steer_angle:=0.7'].
[INFO] [rviz2-47]: process started with pid [1252159]
[component_container_mt-35] [ERROR] [1760034447.198620562] [planning.scenario_planning.parking.costmap_generator]: Could not find a connection between 'map' and 'base_link' because they are not part of the same tree.Tf has two or more unconnected trees.
[rviz2-47] qt.qpa.xcb: could not connect to display :1
[rviz2-47] qt.qpa.plugin: Could not load the Qt platform plugin "xcb" in "" even though it was found.
[rviz2-47] This application failed to start because no Qt platform plugin could be initialized. Reinstalling the application may fix this problem.
[rviz2-47] 
[rviz2-47] Available platform plugins are: eglfs, linuxfb, minimal, minimalegl, offscreen, vnc, xcb.
[rviz2-47] 
[component_container_mt-28] [INFO] [1760034447.291311878] [planning.mission_planning.mission_planner]: waiting odometry... Route API is not ready.
[component_container_mt-35] [ERROR] [1760034447.298618683] [planning.scenario_planning.parking.costmap_generator]: Could not find a connection between 'map' and 'base_link' because they are not part of the same tree.Tf has two or more unconnected trees.
[topic_state_monitor_node-12] [INFO] [1760034447.377072888] [system.topic_state_monitor_trajectory_follower_control_cmd]: /control/trajectory_follower/control_cmd has not received. Set ERROR in diagnostics.
[component_container_mt-35] [ERROR] [1760034447.398615045] [planning.scenario_planning.parking.costmap_generator]: Could not find a connection between 'map' and 'base_link' because they are not part of the same tree.Tf has two or more unconnected trees.
[topic_state_monitor_node-10] [INFO] [1760034447.473213429] [system.topic_state_monitor_mission_planning_route]: /planning/mission_planning/route has not received. Set ERROR in diagnostics.
[topic_state_monitor_node-13] [INFO] [1760034447.477073084] [system.topic_state_monitor_control_command_control_cmd]: /control/command/control_cmd has not received. Set ERROR in diagnostics.
[topic_state_monitor_node-11] [INFO] [1760034447.477915077] [system.topic_state_monitor_scenario_planning_trajectory]: /planning/scenario_planning/trajectory has not received. Set ERROR in diagnostics.
[component_container_mt-35] [ERROR] [1760034447.498608566] [planning.scenario_planning.parking.costmap_generator]: Could not find a connection between 'map' and 'base_link' because they are not part of the same tree.Tf has two or more unconnected trees.
[topic_state_monitor_node-17] [INFO] [1760034447.571661005] [system.topic_state_monitor_transform_map_to_base_link]: /tf has not received. Set ERROR in diagnostics.
[component_container_mt-35] [ERROR] [1760034447.598610781] [planning.scenario_planning.parking.costmap_generator]: Could not find a connection between 'map' and 'base_link' because they are not part of the same tree.Tf has two or more unconnected trees.
[component_container_mt-35] [ERROR] [1760034447.698619528] [planning.scenario_planning.parking.costmap_generator]: Could not find a connection between 'map' and 'base_link' because they are not part of the same tree.Tf has two or more unconnected trees.
[component_container_mt-35] [ERROR] [1760034447.798614890] [planning.scenario_planning.parking.costmap_generator]: Could not find a connection between 'map' and 'base_link' because they are not part of the same tree.Tf has two or more unconnected trees.
[topic_state_monitor_node-15] [INFO] [1760034447.893591194] [system.topic_state_monitor_vehicle_status_steering_status]: /vehicle/status/steering_status has not received. Set ERROR in diagnostics.
[component_container_mt-35] [ERROR] [1760034447.898622228] [planning.scenario_planning.parking.costmap_generator]: Could not find a connection between 'map' and 'base_link' because they are not part of the same tree.Tf has two or more unconnected trees.
[component_container_mt-35] [ERROR] [1760034447.998616632] [planning.scenario_planning.parking.costmap_generator]: Could not find a connection between 'map' and 'base_link' because they are not part of the same tree.Tf has two or more unconnected trees.
[component_container_mt-35] [ERROR] [1760034448.098615753] [planning.scenario_planning.parking.costmap_generator]: Could not find a connection between 'map' and 'base_link' because they are not part of the same tree.Tf has two or more unconnected trees.
[topic_state_monitor_node-14] [INFO] [1760034448.193549975] [system.topic_state_monitor_vehicle_status_velocity_status]: /vehicle/status/velocity_status has not received. Set ERROR in diagnostics.
[component_container_mt-35] [ERROR] [1760034448.198618300] [planning.scenario_planning.parking.costmap_generator]: Could not find a connection between 'map' and 'base_link' because they are not part of the same tree.Tf has two or more unconnected trees.
[ERROR] [rviz2-47]: process has died [pid 1252159, exit code -6, cmd '/opt/ros/humble/lib/rviz2/rviz2 -d /home/aeon/repos/autoware/2025.02-ws/install/autoware_launch/share/autoware_launch/rviz/autoware.rviz -s /home/aeon/repos/autoware/2025.02-ws/install/autoware_launch/share/autoware_launch/rviz/image/autoware.png --ros-args -r __node:=rviz2 -p use_sim_time:=False -p wheel_radius:=0.383 -p wheel_width:=0.235 -p wheel_base:=2.79 -p wheel_tread:=1.64 -p front_overhang:=1.0 -p rear_overhang:=1.1 -p left_overhang:=0.128 -p right_overhang:=0.128 -p vehicle_height:=2.5 -p max_steer_angle:=0.7'].
[INFO] [rviz2-47]: process started with pid [1252172]
[component_container_mt-35] [ERROR] [1760034448.298619109] [planning.scenario_planning.parking.costmap_generator]: Could not find a connection between 'map' and 'base_link' because they are not part of the same tree.Tf has two or more unconnected trees.
[rviz2-47] qt.qpa.xcb: could not connect to display :1
[rviz2-47] qt.qpa.plugin: Could not load the Qt platform plugin "xcb" in "" even though it was found.
[rviz2-47] This application failed to start because no Qt platform plugin could be initialized. Reinstalling the application may fix this problem.
[rviz2-47] 
[rviz2-47] Available platform plugins are: eglfs, linuxfb, minimal, minimalegl, offscreen, vnc, xcb.
[rviz2-47] 
[component_container_mt-35] [ERROR] [1760034448.398622723] [planning.scenario_planning.parking.costmap_generator]: Could not find a connection between 'map' and 'base_link' because they are not part of the same tree.Tf has two or more unconnected trees.
[component_container_mt-35] [ERROR] [1760034448.498613549] [planning.scenario_planning.parking.costmap_generator]: Could not find a connection between 'map' and 'base_link' because they are not part of the same tree.Tf has two or more unconnected trees.
[component_container_mt-35] [ERROR] [1760034448.598649405] [planning.scenario_planning.parking.costmap_generator]: Could not find a connection between 'map' and 'base_link' because they are not part of the same tree.Tf has two or more unconnected trees.
[simple_planning_simulator_exe-61] [INFO] [1760034448.648066416] [simulation.simple_planning_simulator]: waiting initialization...
[component_container_mt-35] [ERROR] [1760034448.698610201] [planning.scenario_planning.parking.costmap_generator]: Could not find a connection between 'map' and 'base_link' because they are not part of the same tree.Tf has two or more unconnected trees.
[component_container_mt-40] [INFO] [1760034448.766231720] [control.trajectory_follower.lane_departure_checker_node]: waiting for current_twist msg...
[component_container_mt-35] [ERROR] [1760034448.798613943] [planning.scenario_planning.parking.costmap_generator]: Could not find a connection between 'map' and 'base_link' because they are not part of the same tree.Tf has two or more unconnected trees.
[component_container_mt-35] [ERROR] [1760034448.898614914] [planning.scenario_planning.parking.costmap_generator]: Could not find a connection between 'map' and 'base_link' because they are not part of the same tree.Tf has two or more unconnected trees.
[component_container_mt-35] [ERROR] [1760034448.998618272] [planning.scenario_planning.parking.costmap_generator]: Could not find a connection between 'map' and 'base_link' because they are not part of the same tree.Tf has two or more unconnected trees.
[component_container_mt-35] [ERROR] [1760034449.098614139] [planning.scenario_planning.parking.costmap_generator]: Could not find a connection between 'map' and 'base_link' because they are not part of the same tree.Tf has two or more unconnected trees.
[component_container_mt-39] [INFO] [1760034449.187921477] [control.trajectory_follower.controller_node_exe]: Waiting for acceleration data
[component_container_mt-39] [INFO] [1760034449.187975814] [control.trajectory_follower.controller_node_exe]: Control is skipped since input data is not ready.
[component_container_mt-35] [ERROR] [1760034449.198612588] [planning.scenario_planning.parking.costmap_generator]: Could not find a connection between 'map' and 'base_link' because they are not part of the same tree.Tf has two or more unconnected trees.
[component_container_mt-40] [INFO] [1760034449.201624492] [control.collision_detector]: waiting for current odometry...
[component_container_mt-35] [ERROR] [1760034449.298615471] [planning.scenario_planning.parking.costmap_generator]: Could not find a connection between 'map' and 'base_link' because they are not part of the same tree.Tf has two or more unconnected trees.
[component_container_mt-35] [ERROR] [1760034449.398621121] [planning.scenario_planning.parking.costmap_generator]: Could not find a connection between 'map' and 'base_link' because they are not part of the same tree.Tf has two or more unconnected trees.
[ERROR] [rviz2-47]: process has died [pid 1252172, exit code -6, cmd '/opt/ros/humble/lib/rviz2/rviz2 -d /home/aeon/repos/autoware/2025.02-ws/install/autoware_launch/share/autoware_launch/rviz/autoware.rviz -s /home/aeon/repos/autoware/2025.02-ws/install/autoware_launch/share/autoware_launch/rviz/image/autoware.png --ros-args -r __node:=rviz2 -p use_sim_time:=False -p wheel_radius:=0.383 -p wheel_width:=0.235 -p wheel_base:=2.79 -p wheel_tread:=1.64 -p front_overhang:=1.0 -p rear_overhang:=1.1 -p left_overhang:=0.128 -p right_overhang:=0.128 -p vehicle_height:=2.5 -p max_steer_angle:=0.7'].
[INFO] [rviz2-47]: process started with pid [1252181]
[component_container_mt-40] [INFO] [1760034449.431765950] [control.autonomous_emergency_braking]: [AEB] waiting for ego velocity
[rviz2-47] qt.qpa.xcb: could not connect to display :1
[rviz2-47] qt.qpa.plugin: Could not load the Qt platform plugin "xcb" in "" even though it was found.
[rviz2-47] This application failed to start because no Qt platform plugin could be initialized. Reinstalling the application may fix this problem.
[rviz2-47] 
[rviz2-47] Available platform plugins are: eglfs, linuxfb, minimal, minimalegl, offscreen, vnc, xcb.
[rviz2-47] 
[component_container_mt-35] [ERROR] [1760034449.498616140] [planning.scenario_planning.parking.costmap_generator]: Could not find a connection between 'map' and 'base_link' because they are not part of the same tree.Tf has two or more unconnected trees.
[component_container_mt-35] [ERROR] [1760034449.598611071] [planning.scenario_planning.parking.costmap_generator]: Could not find a connection between 'map' and 'base_link' because they are not part of the same tree.Tf has two or more unconnected trees.
[component_container_mt-35] [ERROR] [1760034449.698608724] [planning.scenario_planning.parking.costmap_generator]: Could not find a connection between 'map' and 'base_link' because they are not part of the same tree.Tf has two or more unconnected trees.
[component_container_mt-35] [ERROR] [1760034449.798608651] [planning.scenario_planning.parking.costmap_generator]: Could not find a connection between 'map' and 'base_link' because they are not part of the same tree.Tf has two or more unconnected trees.
[topic_state_monitor_node-8] [INFO] [1760034449.852725721] [system.topic_state_monitor_initialpose3d]: /initialpose3d has not received. Set ERROR in diagnostics.
[component_container_mt-35] [ERROR] [1760034449.898654339] [planning.scenario_planning.parking.costmap_generator]: Could not find a connection between 'map' and 'base_link' because they are not part of the same tree.Tf has two or more unconnected trees.
[component_container_mt-35] [ERROR] [1760034449.998618839] [planning.scenario_planning.parking.costmap_generator]: Could not find a connection between 'map' and 'base_link' because they are not part of the same tree.Tf has two or more unconnected trees.
[component_container_mt-35] [ERROR] [1760034450.098621010] [planning.scenario_planning.parking.costmap_generator]: Could not find a connection between 'map' and 'base_link' because they are not part of the same tree.Tf has two or more unconnected trees.
[component_container_mt-35] [ERROR] [1760034450.198629116] [planning.scenario_planning.parking.costmap_generator]: Could not find a connection between 'map' and 'base_link' because they are not part of the same tree.Tf has two or more unconnected trees.
[component_container_mt-35] [ERROR] [1760034450.298625324] [planning.scenario_planning.parking.costmap_generator]: Could not find a connection between 'map' and 'base_link' because they are not part of the same tree.Tf has two or more unconnected trees.
[topic_state_monitor_node-12] [INFO] [1760034450.377525636] [system.topic_state_monitor_trajectory_follower_control_cmd]: /control/trajectory_follower/control_cmd has not received. Set ERROR in diagnostics.
[component_container_mt-35] [ERROR] [1760034450.399020779] [planning.scenario_planning.parking.costmap_generator]: Could not find a connection between 'map' and 'base_link' because they are not part of the same tree.Tf has two or more unconnected trees.
[topic_state_monitor_node-10] [INFO] [1760034450.473298851] [system.topic_state_monitor_mission_planning_route]: /planning/mission_planning/route has not received. Set ERROR in diagnostics.
[topic_state_monitor_node-13] [INFO] [1760034450.477081468] [system.topic_state_monitor_control_command_control_cmd]: /control/command/control_cmd has not received. Set ERROR in diagnostics.
[topic_state_monitor_node-11] [INFO] [1760034450.477915619] [system.topic_state_monitor_scenario_planning_trajectory]: /planning/scenario_planning/trajectory has not received. Set ERROR in diagnostics.
[component_container_mt-35] [ERROR] [1760034450.498622934] [planning.scenario_planning.parking.costmap_generator]: Could not find a connection between 'map' and 'base_link' because they are not part of the same tree.Tf has two or more unconnected trees.
[ERROR] [rviz2-47]: process has died [pid 1252181, exit code -6, cmd '/opt/ros/humble/lib/rviz2/rviz2 -d /home/aeon/repos/autoware/2025.02-ws/install/autoware_launch/share/autoware_launch/rviz/autoware.rviz -s /home/aeon/repos/autoware/2025.02-ws/install/autoware_launch/share/autoware_launch/rviz/image/autoware.png --ros-args -r __node:=rviz2 -p use_sim_time:=False -p wheel_radius:=0.383 -p wheel_width:=0.235 -p wheel_base:=2.79 -p wheel_tread:=1.64 -p front_overhang:=1.0 -p rear_overhang:=1.1 -p left_overhang:=0.128 -p right_overhang:=0.128 -p vehicle_height:=2.5 -p max_steer_angle:=0.7'].
[INFO] [rviz2-47]: process started with pid [1252247]
[topic_state_monitor_node-17] [INFO] [1760034450.571702974] [system.topic_state_monitor_transform_map_to_base_link]: /tf has not received. Set ERROR in diagnostics.
[component_container_mt-35] [ERROR] [1760034450.598617649] [planning.scenario_planning.parking.costmap_generator]: Could not find a connection between 'map' and 'base_link' because they are not part of the same tree.Tf has two or more unconnected trees.
[rviz2-47] qt.qpa.xcb: could not connect to display :1
[rviz2-47] qt.qpa.plugin: Could not load the Qt platform plugin "xcb" in "" even though it was found.
[rviz2-47] This application failed to start because no Qt platform plugin could be initialized. Reinstalling the application may fix this problem.
[rviz2-47] 
[rviz2-47] Available platform plugins are: eglfs, linuxfb, minimal, minimalegl, offscreen, vnc, xcb.
[rviz2-47] 
[component_container_mt-35] [ERROR] [1760034450.698613223] [planning.scenario_planning.parking.costmap_generator]: Could not find a connection between 'map' and 'base_link' because they are not part of the same tree.Tf has two or more unconnected trees.
[component_container_mt-35] [ERROR] [1760034450.798607012] [planning.scenario_planning.parking.costmap_generator]: Could not find a connection between 'map' and 'base_link' because they are not part of the same tree.Tf has two or more unconnected trees.
[topic_state_monitor_node-15] [INFO] [1760034450.893683083] [system.topic_state_monitor_vehicle_status_steering_status]: /vehicle/status/steering_status has not received. Set ERROR in diagnostics.
[component_container_mt-35] [ERROR] [1760034450.898613826] [planning.scenario_planning.parking.costmap_generator]: Could not find a connection between 'map' and 'base_link' because they are not part of the same tree.Tf has two or more unconnected trees.
[component_container_mt-33] [INFO] [1760034450.954377673] [planning.scenario_planning.lane_driving.behavior_planning.behavior_path_planner]: waiting for scenario_topic
[component_container_mt-35] [ERROR] [1760034450.998613648] [planning.scenario_planning.parking.costmap_generator]: Could not find a connection between 'map' and 'base_link' because they are not part of the same tree.Tf has two or more unconnected trees.
[component_container_mt-35] [ERROR] [1760034451.098615646] [planning.scenario_planning.parking.costmap_generator]: Could not find a connection between 'map' and 'base_link' because they are not part of the same tree.Tf has two or more unconnected trees.
[component_container_mt-35] [ERROR] [1760034451.198617918] [planning.scenario_planning.parking.costmap_generator]: Could not find a connection between 'map' and 'base_link' because they are not part of the same tree.Tf has two or more unconnected trees.
[topic_state_monitor_node-14] [INFO] [1760034451.293522159] [system.topic_state_monitor_vehicle_status_velocity_status]: /vehicle/status/velocity_status has not received. Set ERROR in diagnostics.
[component_container_mt-35] [ERROR] [1760034451.298616752] [planning.scenario_planning.parking.costmap_generator]: Could not find a connection between 'map' and 'base_link' because they are not part of the same tree.Tf has two or more unconnected trees.
[component_container_mt-35] [ERROR] [1760034451.398617504] [planning.scenario_planning.parking.costmap_generator]: Could not find a connection between 'map' and 'base_link' because they are not part of the same tree.Tf has two or more unconnected trees.
[component_container_mt-35] [ERROR] [1760034451.498615625] [planning.scenario_planning.parking.costmap_generator]: Could not find a connection between 'map' and 'base_link' because they are not part of the same tree.Tf has two or more unconnected trees.
[autoware_scenario_selector_node-30] [INFO] [1760034451.555331412] [planning.scenario_planning.scenario_selector]: Waiting for current pose.
[component_container_mt-35] [ERROR] [1760034451.598614808] [planning.scenario_planning.parking.costmap_generator]: Could not find a connection between 'map' and 'base_link' because they are not part of the same tree.Tf has two or more unconnected trees.
[ERROR] [rviz2-47]: process has died [pid 1252247, exit code -6, cmd '/opt/ros/humble/lib/rviz2/rviz2 -d /home/aeon/repos/autoware/2025.02-ws/install/autoware_launch/share/autoware_launch/rviz/autoware.rviz -s /home/aeon/repos/autoware/2025.02-ws/install/autoware_launch/share/autoware_launch/rviz/image/autoware.png --ros-args -r __node:=rviz2 -p use_sim_time:=False -p wheel_radius:=0.383 -p wheel_width:=0.235 -p wheel_base:=2.79 -p wheel_tread:=1.64 -p front_overhang:=1.0 -p rear_overhang:=1.1 -p left_overhang:=0.128 -p right_overhang:=0.128 -p vehicle_height:=2.5 -p max_steer_angle:=0.7'].
[INFO] [rviz2-47]: process started with pid [1252264]
[component_container_mt-35] [ERROR] [1760034451.698612100] [planning.scenario_planning.parking.costmap_generator]: Could not find a connection between 'map' and 'base_link' because they are not part of the same tree.Tf has two or more unconnected trees.
[rviz2-47] qt.qpa.xcb: could not connect to display :1
[rviz2-47] qt.qpa.plugin: Could not load the Qt platform plugin "xcb" in "" even though it was found.
[rviz2-47] This application failed to start because no Qt platform plugin could be initialized. Reinstalling the application may fix this problem.
[rviz2-47] 
[rviz2-47] Available platform plugins are: eglfs, linuxfb, minimal, minimalegl, offscreen, vnc, xcb.
[rviz2-47] 
[component_container_mt-35] [ERROR] [1760034451.798614254] [planning.scenario_planning.parking.costmap_generator]: Could not find a connection between 'map' and 'base_link' because they are not part of the same tree.Tf has two or more unconnected trees.
[component_container_mt-35] [ERROR] [1760034451.898608489] [planning.scenario_planning.parking.costmap_generator]: Could not find a connection between 'map' and 'base_link' because they are not part of the same tree.Tf has two or more unconnected trees.
[component_container_mt-35] [ERROR] [1760034451.998613983] [planning.scenario_planning.parking.costmap_generator]: Could not find a connection between 'map' and 'base_link' because they are not part of the same tree.Tf has two or more unconnected trees.
[component_container_mt-35] [ERROR] [1760034452.098615094] [planning.scenario_planning.parking.costmap_generator]: Could not find a connection between 'map' and 'base_link' because they are not part of the same tree.Tf has two or more unconnected trees.
[component_container_mt-35] [ERROR] [1760034452.198616569] [planning.scenario_planning.parking.costmap_generator]: Could not find a connection between 'map' and 'base_link' because they are not part of the same tree.Tf has two or more unconnected trees.
[component_container_mt-35] [ERROR] [1760034452.298616784] [planning.scenario_planning.parking.costmap_generator]: Could not find a connection between 'map' and 'base_link' because they are not part of the same tree.Tf has two or more unconnected trees.
[component_container_mt-28] [INFO] [1760034452.391339239] [planning.mission_planning.mission_planner]: waiting odometry... Route API is not ready.
[component_container_mt-35] [ERROR] [1760034452.398683509] [planning.scenario_planning.parking.costmap_generator]: Could not find a connection between 'map' and 'base_link' because they are not part of the same tree.Tf has two or more unconnected trees.
[component_container_mt-35] [ERROR] [1760034452.498612963] [planning.scenario_planning.parking.costmap_generator]: Could not find a connection between 'map' and 'base_link' because they are not part of the same tree.Tf has two or more unconnected trees.
[component_container_mt-35] [ERROR] [1760034452.598615061] [planning.scenario_planning.parking.costmap_generator]: Could not find a connection between 'map' and 'base_link' because they are not part of the same tree.Tf has two or more unconnected trees.
[component_container_mt-35] [ERROR] [1760034452.698612742] [planning.scenario_planning.parking.costmap_generator]: Could not find a connection between 'map' and 'base_link' because they are not part of the same tree.Tf has two or more unconnected trees.
[ERROR] [rviz2-47]: process has died [pid 1252264, exit code -6, cmd '/opt/ros/humble/lib/rviz2/rviz2 -d /home/aeon/repos/autoware/2025.02-ws/install/autoware_launch/share/autoware_launch/rviz/autoware.rviz -s /home/aeon/repos/autoware/2025.02-ws/install/autoware_launch/share/autoware_launch/rviz/image/autoware.png --ros-args -r __node:=rviz2 -p use_sim_time:=False -p wheel_radius:=0.383 -p wheel_width:=0.235 -p wheel_base:=2.79 -p wheel_tread:=1.64 -p front_overhang:=1.0 -p rear_overhang:=1.1 -p left_overhang:=0.128 -p right_overhang:=0.128 -p vehicle_height:=2.5 -p max_steer_angle:=0.7'].
[INFO] [rviz2-47]: process started with pid [1252276]
[component_container_mt-35] [ERROR] [1760034452.798615772] [planning.scenario_planning.parking.costmap_generator]: Could not find a connection between 'map' and 'base_link' because they are not part of the same tree.Tf has two or more unconnected trees.
[topic_state_monitor_node-8] [INFO] [1760034452.852725720] [system.topic_state_monitor_initialpose3d]: /initialpose3d has not received. Set ERROR in diagnostics.
[rviz2-47] qt.qpa.xcb: could not connect to display :1
[rviz2-47] qt.qpa.plugin: Could not load the Qt platform plugin "xcb" in "" even though it was found.
[rviz2-47] This application failed to start because no Qt platform plugin could be initialized. Reinstalling the application may fix this problem.
[rviz2-47] 
[rviz2-47] Available platform plugins are: eglfs, linuxfb, minimal, minimalegl, offscreen, vnc, xcb.
[rviz2-47] 
[component_container_mt-35] [ERROR] [1760034452.898612419] [planning.scenario_planning.parking.costmap_generator]: Could not find a connection between 'map' and 'base_link' because they are not part of the same tree.Tf has two or more unconnected trees.
[component_container_mt-35] [ERROR] [1760034452.998610592] [planning.scenario_planning.parking.costmap_generator]: Could not find a connection between 'map' and 'base_link' because they are not part of the same tree.Tf has two or more unconnected trees.
[component_container_mt-35] [ERROR] [1760034453.098610437] [planning.scenario_planning.parking.costmap_generator]: Could not find a connection between 'map' and 'base_link' because they are not part of the same tree.Tf has two or more unconnected trees.
[component_container_mt-35] [ERROR] [1760034453.198614698] [planning.scenario_planning.parking.costmap_generator]: Could not find a connection between 'map' and 'base_link' because they are not part of the same tree.Tf has two or more unconnected trees.
[component_container_mt-35] [ERROR] [1760034453.298613440] [planning.scenario_planning.parking.costmap_generator]: Could not find a connection between 'map' and 'base_link' because they are not part of the same tree.Tf has two or more unconnected trees.
[component_container_mt-35] [ERROR] [1760034453.398618504] [planning.scenario_planning.parking.costmap_generator]: Could not find a connection between 'map' and 'base_link' because they are not part of the same tree.Tf has two or more unconnected trees.
[topic_state_monitor_node-12] [INFO] [1760034453.477072561] [system.topic_state_monitor_trajectory_follower_control_cmd]: /control/trajectory_follower/control_cmd has not received. Set ERROR in diagnostics.
[component_container_mt-35] [ERROR] [1760034453.498616982] [planning.scenario_planning.parking.costmap_generator]: Could not find a connection between 'map' and 'base_link' because they are not part of the same tree.Tf has two or more unconnected trees.
[topic_state_monitor_node-10] [INFO] [1760034453.573234247] [system.topic_state_monitor_mission_planning_route]: /planning/mission_planning/route has not received. Set ERROR in diagnostics.
[topic_state_monitor_node-13] [INFO] [1760034453.577072627] [system.topic_state_monitor_control_command_control_cmd]: /control/command/control_cmd has not received. Set ERROR in diagnostics.
[topic_state_monitor_node-11] [INFO] [1760034453.577913527] [system.topic_state_monitor_scenario_planning_trajectory]: /planning/scenario_planning/trajectory has not received. Set ERROR in diagnostics.
[component_container_mt-35] [ERROR] [1760034453.598617110] [planning.scenario_planning.parking.costmap_generator]: Could not find a connection between 'map' and 'base_link' because they are not part of the same tree.Tf has two or more unconnected trees.
[topic_state_monitor_node-17] [INFO] [1760034453.671660085] [system.topic_state_monitor_transform_map_to_base_link]: /tf has not received. Set ERROR in diagnostics.
[simple_planning_simulator_exe-61] [INFO] [1760034453.673080538] [simulation.simple_planning_simulator]: waiting initialization...
[component_container_mt-35] [ERROR] [1760034453.698615146] [planning.scenario_planning.parking.costmap_generator]: Could not find a connection between 'map' and 'base_link' because they are not part of the same tree.Tf has two or more unconnected trees.
[component_container_mt-35] [ERROR] [1760034453.798613665] [planning.scenario_planning.parking.costmap_generator]: Could not find a connection between 'map' and 'base_link' because they are not part of the same tree.Tf has two or more unconnected trees.
[component_container_mt-40] [INFO] [1760034453.866274496] [control.trajectory_follower.lane_departure_checker_node]: waiting for current_twist msg...
[component_container_mt-35] [ERROR] [1760034453.898616924] [planning.scenario_planning.parking.costmap_generator]: Could not find a connection between 'map' and 'base_link' because they are not part of the same tree.Tf has two or more unconnected trees.
[ERROR] [rviz2-47]: process has died [pid 1252276, exit code -6, cmd '/opt/ros/humble/lib/rviz2/rviz2 -d /home/aeon/repos/autoware/2025.02-ws/install/autoware_launch/share/autoware_launch/rviz/autoware.rviz -s /home/aeon/repos/autoware/2025.02-ws/install/autoware_launch/share/autoware_launch/rviz/image/autoware.png --ros-args -r __node:=rviz2 -p use_sim_time:=False -p wheel_radius:=0.383 -p wheel_width:=0.235 -p wheel_base:=2.79 -p wheel_tread:=1.64 -p front_overhang:=1.0 -p rear_overhang:=1.1 -p left_overhang:=0.128 -p right_overhang:=0.128 -p vehicle_height:=2.5 -p max_steer_angle:=0.7'].
[INFO] [rviz2-47]: process started with pid [1252284]
[rviz2-47] qt.qpa.xcb: could not connect to display :1
[rviz2-47] qt.qpa.plugin: Could not load the Qt platform plugin "xcb" in "" even though it was found.
[rviz2-47] This application failed to start because no Qt platform plugin could be initialized. Reinstalling the application may fix this problem.
[rviz2-47] 
[rviz2-47] Available platform plugins are: eglfs, linuxfb, minimal, minimalegl, offscreen, vnc, xcb.
[rviz2-47] 
[topic_state_monitor_node-15] [INFO] [1760034453.993614939] [system.topic_state_monitor_vehicle_status_steering_status]: /vehicle/status/steering_status has not received. Set ERROR in diagnostics.
[component_container_mt-35] [ERROR] [1760034453.998614264] [planning.scenario_planning.parking.costmap_generator]: Could not find a connection between 'map' and 'base_link' because they are not part of the same tree.Tf has two or more unconnected trees.
[component_container_mt-35] [ERROR] [1760034454.098610623] [planning.scenario_planning.parking.costmap_generator]: Could not find a connection between 'map' and 'base_link' because they are not part of the same tree.Tf has two or more unconnected trees.
[component_container_mt-39] [INFO] [1760034454.197888481] [control.trajectory_follower.controller_node_exe]: Waiting for acceleration data
[component_container_mt-39] [INFO] [1760034454.197955472] [control.trajectory_follower.controller_node_exe]: Control is skipped since input data is not ready.
[component_container_mt-35] [ERROR] [1760034454.198611512] [planning.scenario_planning.parking.costmap_generator]: Could not find a connection between 'map' and 'base_link' because they are not part of the same tree.Tf has two or more unconnected trees.
[component_container_mt-40] [INFO] [1760034454.201625647] [control.collision_detector]: waiting for current odometry...
[topic_state_monitor_node-14] [INFO] [1760034454.293523897] [system.topic_state_monitor_vehicle_status_velocity_status]: /vehicle/status/velocity_status has not received. Set ERROR in diagnostics.
[component_container_mt-35] [ERROR] [1760034454.298616178] [planning.scenario_planning.parking.costmap_generator]: Could not find a connection between 'map' and 'base_link' because they are not part of the same tree.Tf has two or more unconnected trees.
[component_container_mt-35] [ERROR] [1760034454.398616440] [planning.scenario_planning.parking.costmap_generator]: Could not find a connection between 'map' and 'base_link' because they are not part of the same tree.Tf has two or more unconnected trees.
[component_container_mt-40] [INFO] [1760034454.431778961] [control.autonomous_emergency_braking]: [AEB] waiting for ego velocity
[component_container_mt-35] [ERROR] [1760034454.498613695] [planning.scenario_planning.parking.costmap_generator]: Could not find a connection between 'map' and 'base_link' because they are not part of the same tree.Tf has two or more unconnected trees.
[component_container_mt-35] [ERROR] [1760034454.598615640] [planning.scenario_planning.parking.costmap_generator]: Could not find a connection between 'map' and 'base_link' because they are not part of the same tree.Tf has two or more unconnected trees.
[component_container_mt-35] [ERROR] [1760034454.698616235] [planning.scenario_planning.parking.costmap_generator]: Could not find a connection between 'map' and 'base_link' because they are not part of the same tree.Tf has two or more unconnected trees.
[component_container_mt-35] [ERROR] [1760034454.798614614] [planning.scenario_planning.parking.costmap_generator]: Could not find a connection between 'map' and 'base_link' because they are not part of the same tree.Tf has two or more unconnected trees.
[component_container_mt-35] [ERROR] [1760034454.898615279] [planning.scenario_planning.parking.costmap_generator]: Could not find a connection between 'map' and 'base_link' because they are not part of the same tree.Tf has two or more unconnected trees.
[component_container_mt-35] [ERROR] [1760034454.998613912] [planning.scenario_planning.parking.costmap_generator]: Could not find a connection between 'map' and 'base_link' because they are not part of the same tree.Tf has two or more unconnected trees.
[ERROR] [rviz2-47]: process has died [pid 1252284, exit code -6, cmd '/opt/ros/humble/lib/rviz2/rviz2 -d /home/aeon/repos/autoware/2025.02-ws/install/autoware_launch/share/autoware_launch/rviz/autoware.rviz -s /home/aeon/repos/autoware/2025.02-ws/install/autoware_launch/share/autoware_launch/rviz/image/autoware.png --ros-args -r __node:=rviz2 -p use_sim_time:=False -p wheel_radius:=0.383 -p wheel_width:=0.235 -p wheel_base:=2.79 -p wheel_tread:=1.64 -p front_overhang:=1.0 -p rear_overhang:=1.1 -p left_overhang:=0.128 -p right_overhang:=0.128 -p vehicle_height:=2.5 -p max_steer_angle:=0.7'].
[INFO] [rviz2-47]: process started with pid [1252291]
[component_container_mt-35] [ERROR] [1760034455.098614027] [planning.scenario_planning.parking.costmap_generator]: Could not find a connection between 'map' and 'base_link' because they are not part of the same tree.Tf has two or more unconnected trees.
[rviz2-47] qt.qpa.xcb: could not connect to display :1
[rviz2-47] qt.qpa.plugin: Could not load the Qt platform plugin "xcb" in "" even though it was found.
[rviz2-47] This application failed to start because no Qt platform plugin could be initialized. Reinstalling the application may fix this problem.
[rviz2-47] 
[rviz2-47] Available platform plugins are: eglfs, linuxfb, minimal, minimalegl, offscreen, vnc, xcb.
[rviz2-47] 
[component_container_mt-35] [ERROR] [1760034455.198626265] [planning.scenario_planning.parking.costmap_generator]: Could not find a connection between 'map' and 'base_link' because they are not part of the same tree.Tf has two or more unconnected trees.
[component_container_mt-35] [ERROR] [1760034455.298610478] [planning.scenario_planning.parking.costmap_generator]: Could not find a connection between 'map' and 'base_link' because they are not part of the same tree.Tf has two or more unconnected trees.
[component_container_mt-35] [ERROR] [1760034455.398618334] [planning.scenario_planning.parking.costmap_generator]: Could not find a connection between 'map' and 'base_link' because they are not part of the same tree.Tf has two or more unconnected trees.
[component_container_mt-35] [ERROR] [1760034455.498614353] [planning.scenario_planning.parking.costmap_generator]: Could not find a connection between 'map' and 'base_link' because they are not part of the same tree.Tf has two or more unconnected trees.
[component_container_mt-35] [ERROR] [1760034455.598620140] [planning.scenario_planning.parking.costmap_generator]: Could not find a connection between 'map' and 'base_link' because they are not part of the same tree.Tf has two or more unconnected trees.
[component_container_mt-35] [ERROR] [1760034455.698616995] [planning.scenario_planning.parking.costmap_generator]: Could not find a connection between 'map' and 'base_link' because they are not part of the same tree.Tf has two or more unconnected trees.
[component_container_mt-35] [ERROR] [1760034455.798632440] [planning.scenario_planning.parking.costmap_generator]: Could not find a connection between 'map' and 'base_link' because they are not part of the same tree.Tf has two or more unconnected trees.
[topic_state_monitor_node-8] [INFO] [1760034455.853041264] [system.topic_state_monitor_initialpose3d]: /initialpose3d has not received. Set ERROR in diagnostics.
[component_container_mt-35] [ERROR] [1760034455.898628098] [planning.scenario_planning.parking.costmap_generator]: Could not find a connection between 'map' and 'base_link' because they are not part of the same tree.Tf has two or more unconnected trees.
[component_container_mt-35] [ERROR] [1760034455.998616969] [planning.scenario_planning.parking.costmap_generator]: Could not find a connection between 'map' and 'base_link' because they are not part of the same tree.Tf has two or more unconnected trees.
[component_container_mt-33] [INFO] [1760034456.054378600] [planning.scenario_planning.lane_driving.behavior_planning.behavior_path_planner]: waiting for scenario_topic
[component_container_mt-35] [ERROR] [1760034456.098615507] [planning.scenario_planning.parking.costmap_generator]: Could not find a connection between 'map' and 'base_link' because they are not part of the same tree.Tf has two or more unconnected trees.
[ERROR] [rviz2-47]: process has died [pid 1252291, exit code -6, cmd '/opt/ros/humble/lib/rviz2/rviz2 -d /home/aeon/repos/autoware/2025.02-ws/install/autoware_launch/share/autoware_launch/rviz/autoware.rviz -s /home/aeon/repos/autoware/2025.02-ws/install/autoware_launch/share/autoware_launch/rviz/image/autoware.png --ros-args -r __node:=rviz2 -p use_sim_time:=False -p wheel_radius:=0.383 -p wheel_width:=0.235 -p wheel_base:=2.79 -p wheel_tread:=1.64 -p front_overhang:=1.0 -p rear_overhang:=1.1 -p left_overhang:=0.128 -p right_overhang:=0.128 -p vehicle_height:=2.5 -p max_steer_angle:=0.7'].
[INFO] [rviz2-47]: process started with pid [1252357]
[component_container_mt-35] [ERROR] [1760034456.198616750] [planning.scenario_planning.parking.costmap_generator]: Could not find a connection between 'map' and 'base_link' because they are not part of the same tree.Tf has two or more unconnected trees.
[rviz2-47] qt.qpa.xcb: could not connect to display :1
[rviz2-47] qt.qpa.plugin: Could not load the Qt platform plugin "xcb" in "" even though it was found.
[rviz2-47] This application failed to start because no Qt platform plugin could be initialized. Reinstalling the application may fix this problem.
[rviz2-47] 
[rviz2-47] Available platform plugins are: eglfs, linuxfb, minimal, minimalegl, offscreen, vnc, xcb.
[rviz2-47] 
[component_container_mt-35] [ERROR] [1760034456.298615586] [planning.scenario_planning.parking.costmap_generator]: Could not find a connection between 'map' and 'base_link' because they are not part of the same tree.Tf has two or more unconnected trees.
[component_container_mt-35] [ERROR] [1760034456.398611260] [planning.scenario_planning.parking.costmap_generator]: Could not find a connection between 'map' and 'base_link' because they are not part of the same tree.Tf has two or more unconnected trees.
[topic_state_monitor_node-12] [INFO] [1760034456.477148658] [system.topic_state_monitor_trajectory_follower_control_cmd]: /control/trajectory_follower/control_cmd has not received. Set ERROR in diagnostics.
[component_container_mt-35] [ERROR] [1760034456.498619250] [planning.scenario_planning.parking.costmap_generator]: Could not find a connection between 'map' and 'base_link' because they are not part of the same tree.Tf has two or more unconnected trees.
[autoware_scenario_selector_node-30] [INFO] [1760034456.555339749] [planning.scenario_planning.scenario_selector]: Waiting for current pose.
[topic_state_monitor_node-10] [INFO] [1760034456.573249835] [system.topic_state_monitor_mission_planning_route]: /planning/mission_planning/route has not received. Set ERROR in diagnostics.
[topic_state_monitor_node-13] [INFO] [1760034456.577074228] [system.topic_state_monitor_control_command_control_cmd]: /control/command/control_cmd has not received. Set ERROR in diagnostics.
[component_container_mt-35] [ERROR] [1760034456.598617821] [planning.scenario_planning.parking.costmap_generator]: Could not find a connection between 'map' and 'base_link' because they are not part of the same tree.Tf has two or more unconnected trees.
[topic_state_monitor_node-11] [INFO] [1760034456.677912145] [system.topic_state_monitor_scenario_planning_trajectory]: /planning/scenario_planning/trajectory has not received. Set ERROR in diagnostics.
[component_container_mt-35] [ERROR] [1760034456.698616286] [planning.scenario_planning.parking.costmap_generator]: Could not find a connection between 'map' and 'base_link' because they are not part of the same tree.Tf has two or more unconnected trees.
[topic_state_monitor_node-17] [INFO] [1760034456.771660418] [system.topic_state_monitor_transform_map_to_base_link]: /tf has not received. Set ERROR in diagnostics.
[component_container_mt-35] [ERROR] [1760034456.798619617] [planning.scenario_planning.parking.costmap_generator]: Could not find a connection between 'map' and 'base_link' because they are not part of the same tree.Tf has two or more unconnected trees.
[component_container_mt-35] [ERROR] [1760034456.898649045] [planning.scenario_planning.parking.costmap_generator]: Could not find a connection between 'map' and 'base_link' because they are not part of the same tree.Tf has two or more unconnected trees.
[component_container_mt-35] [ERROR] [1760034456.998614787] [planning.scenario_planning.parking.costmap_generator]: Could not find a connection between 'map' and 'base_link' because they are not part of the same tree.Tf has two or more unconnected trees.
[topic_state_monitor_node-15] [INFO] [1760034457.093613424] [system.topic_state_monitor_vehicle_status_steering_status]: /vehicle/status/steering_status has not received. Set ERROR in diagnostics.
[component_container_mt-35] [ERROR] [1760034457.098613678] [planning.scenario_planning.parking.costmap_generator]: Could not find a connection between 'map' and 'base_link' because they are not part of the same tree.Tf has two or more unconnected trees.
[component_container_mt-35] [ERROR] [1760034457.198612088] [planning.scenario_planning.parking.costmap_generator]: Could not find a connection between 'map' and 'base_link' because they are not part of the same tree.Tf has two or more unconnected trees.
[topic_state_monitor_node-14] [INFO] [1760034457.293524007] [system.topic_state_monitor_vehicle_status_velocity_status]: /vehicle/status/velocity_status has not received. Set ERROR in diagnostics.
[component_container_mt-35] [ERROR] [1760034457.298607761] [planning.scenario_planning.parking.costmap_generator]: Could not find a connection between 'map' and 'base_link' because they are not part of the same tree.Tf has two or more unconnected trees.
[ERROR] [rviz2-47]: process has died [pid 1252357, exit code -6, cmd '/opt/ros/humble/lib/rviz2/rviz2 -d /home/aeon/repos/autoware/2025.02-ws/install/autoware_launch/share/autoware_launch/rviz/autoware.rviz -s /home/aeon/repos/autoware/2025.02-ws/install/autoware_launch/share/autoware_launch/rviz/image/autoware.png --ros-args -r __node:=rviz2 -p use_sim_time:=False -p wheel_radius:=0.383 -p wheel_width:=0.235 -p wheel_base:=2.79 -p wheel_tread:=1.64 -p front_overhang:=1.0 -p rear_overhang:=1.1 -p left_overhang:=0.128 -p right_overhang:=0.128 -p vehicle_height:=2.5 -p max_steer_angle:=0.7'].
[INFO] [rviz2-47]: process started with pid [1252375]
[rviz2-47] qt.qpa.xcb: could not connect to display :1
[rviz2-47] qt.qpa.plugin: Could not load the Qt platform plugin "xcb" in "" even though it was found.
[rviz2-47] This application failed to start because no Qt platform plugin could be initialized. Reinstalling the application may fix this problem.
[rviz2-47] 
[rviz2-47] Available platform plugins are: eglfs, linuxfb, minimal, minimalegl, offscreen, vnc, xcb.
[rviz2-47] 
[component_container_mt-28] [INFO] [1760034457.391367827] [planning.mission_planning.mission_planner]: waiting odometry... Route API is not ready.
[component_container_mt-35] [ERROR] [1760034457.398608559] [planning.scenario_planning.parking.costmap_generator]: Could not find a connection between 'map' and 'base_link' because they are not part of the same tree.Tf has two or more unconnected trees.
[component_container_mt-35] [ERROR] [1760034457.498612018] [planning.scenario_planning.parking.costmap_generator]: Could not find a connection between 'map' and 'base_link' because they are not part of the same tree.Tf has two or more unconnected trees.
[component_container_mt-35] [ERROR] [1760034457.598615711] [planning.scenario_planning.parking.costmap_generator]: Could not find a connection between 'map' and 'base_link' because they are not part of the same tree.Tf has two or more unconnected trees.
[component_container_mt-35] [ERROR] [1760034457.698618393] [planning.scenario_planning.parking.costmap_generator]: Could not find a connection between 'map' and 'base_link' because they are not part of the same tree.Tf has two or more unconnected trees.
[component_container_mt-35] [ERROR] [1760034457.798615425] [planning.scenario_planning.parking.costmap_generator]: Could not find a connection between 'map' and 'base_link' because they are not part of the same tree.Tf has two or more unconnected trees.
[component_container_mt-35] [ERROR] [1760034457.898615728] [planning.scenario_planning.parking.costmap_generator]: Could not find a connection between 'map' and 'base_link' because they are not part of the same tree.Tf has two or more unconnected trees.
[component_container_mt-35] [ERROR] [1760034457.998621066] [planning.scenario_planning.parking.costmap_generator]: Could not find a connection between 'map' and 'base_link' because they are not part of the same tree.Tf has two or more unconnected trees.
[component_container_mt-35] [ERROR] [1760034458.098614084] [planning.scenario_planning.parking.costmap_generator]: Could not find a connection between 'map' and 'base_link' because they are not part of the same tree.Tf has two or more unconnected trees.
