[component_container_mt-35] [ERROR] [1760034422.998629550] [planning.scenario_planning.parking.costmap_generator]: Could not find a connection between 'map' and 'base_link' because they are not part of the same tree.Tf has two or more unconnected trees.
[topic_state_monitor_node-12] [INFO] [1760034423.077429058] [system.topic_state_monitor_trajectory_follower_control_cmd]: /control/trajectory_follower/control_cmd has not received. Set ERROR in diagnostics.
[topic_state_monitor_node-13] [INFO] [1760034423.077434563] [system.topic_state_monitor_control_command_control_cmd]: /control/command/control_cmd has not received. Set ERROR in diagnostics.
[topic_state_monitor_node-11] [INFO] [1760034423.078259019] [system.topic_state_monitor_scenario_planning_trajectory]: /planning/scenario_planning/trajectory has not received. Set ERROR in diagnostics.
[component_container_mt-35] [ERROR] [1760034423.098639921] [planning.scenario_planning.parking.costmap_generator]: Could not find a connection between 'map' and 'base_link' because they are not part of the same tree.Tf has two or more unconnected trees.
[component_container_mt-35] [ERROR] [1760034423.198615774] [planning.scenario_planning.parking.costmap_generator]: Could not find a connection between 'map' and 'base_link' because they are not part of the same tree.Tf has two or more unconnected trees.
[topic_state_monitor_node-17] [INFO] [1760034423.271656795] [system.topic_state_monitor_transform_map_to_base_link]: /tf has not received. Set ERROR in diagnostics.
[component_container_mt-35] [ERROR] [1760034423.298612727] [planning.scenario_planning.parking.costmap_generator]: Could not find a connection between 'map' and 'base_link' because they are not part of the same tree.Tf has two or more unconnected trees.
[ERROR] [rviz2-47]: process has died [pid 1251623, exit code -6, cmd '/opt/ros/humble/lib/rviz2/rviz2 -d /home/aeon/repos/autoware/2025.02-ws/install/autoware_launch/share/autoware_launch/rviz/autoware.rviz -s /home/aeon/repos/autoware/2025.02-ws/install/autoware_launch/share/autoware_launch/rviz/image/autoware.png --ros-args -r __node:=rviz2 -p use_sim_time:=False -p wheel_radius:=0.383 -p wheel_width:=0.235 -p wheel_base:=2.79 -p wheel_tread:=1.64 -p front_overhang:=1.0 -p rear_overhang:=1.1 -p left_overhang:=0.128 -p right_overhang:=0.128 -p vehicle_height:=2.5 -p max_steer_angle:=0.7'].
[topic_state_monitor_node-10] [INFO] [1760034423.373233658] [system.topic_state_monitor_mission_planning_route]: /planning/mission_planning/route has not received. Set ERROR in diagnostics.
[INFO] [rviz2-47]: process started with pid [1251695]
[component_container_mt-35] [ERROR] [1760034423.398611448] [planning.scenario_planning.parking.costmap_generator]: Could not find a connection between 'map' and 'base_link' because they are not part of the same tree.Tf has two or more unconnected trees.
[rviz2-47] qt.qpa.xcb: could not connect to display :1
[rviz2-47] qt.qpa.plugin: Could not load the Qt platform plugin "xcb" in "" even though it was found.
[rviz2-47] This application failed to start because no Qt platform plugin could be initialized. Reinstalling the application may fix this problem.
[rviz2-47] 
[rviz2-47] Available platform plugins are: eglfs, linuxfb, minimal, minimalegl, offscreen, vnc, xcb.
[rviz2-47] 
[topic_state_monitor_node-14] [INFO] [1760034423.493524909] [system.topic_state_monitor_vehicle_status_velocity_status]: /vehicle/status/velocity_status has not received. Set ERROR in diagnostics.
[topic_state_monitor_node-15] [INFO] [1760034423.493588460] [system.topic_state_monitor_vehicle_status_steering_status]: /vehicle/status/steering_status has not received. Set ERROR in diagnostics.
[component_container_mt-35] [ERROR] [1760034423.498621037] [planning.scenario_planning.parking.costmap_generator]: Could not find a connection between 'map' and 'base_link' because they are not part of the same tree.Tf has two or more unconnected trees.
[component_container_mt-40] [INFO] [1760034423.566227831] [control.trajectory_follower.lane_departure_checker_node]: waiting for current_twist msg...
[simple_planning_simulator_exe-61] [INFO] [1760034423.598057672] [simulation.simple_planning_simulator]: waiting initialization...
[component_container_mt-35] [ERROR] [1760034423.598616978] [planning.scenario_planning.parking.costmap_generator]: Could not find a connection between 'map' and 'base_link' because they are not part of the same tree.Tf has two or more unconnected trees.
[component_container_mt-35] [ERROR] [1760034423.698614045] [planning.scenario_planning.parking.costmap_generator]: Could not find a connection between 'map' and 'base_link' because they are not part of the same tree.Tf has two or more unconnected trees.
[component_container_mt-35] [ERROR] [1760034423.798641687] [planning.scenario_planning.parking.costmap_generator]: Could not find a connection between 'map' and 'base_link' because they are not part of the same tree.Tf has two or more unconnected trees.
[component_container_mt-40] [INFO] [1760034423.801623772] [control.collision_detector]: waiting for current odometry...
[component_container_mt-35] [ERROR] [1760034423.898624607] [planning.scenario_planning.parking.costmap_generator]: Could not find a connection between 'map' and 'base_link' because they are not part of the same tree.Tf has two or more unconnected trees.
[component_container_mt-35] [ERROR] [1760034423.998618549] [planning.scenario_planning.parking.costmap_generator]: Could not find a connection between 'map' and 'base_link' because they are not part of the same tree.Tf has two or more unconnected trees.
[component_container_mt-35] [ERROR] [1760034424.098622981] [planning.scenario_planning.parking.costmap_generator]: Could not find a connection between 'map' and 'base_link' because they are not part of the same tree.Tf has two or more unconnected trees.
[component_container_mt-40] [INFO] [1760034424.131789683] [control.autonomous_emergency_braking]: [AEB] waiting for ego velocity
[component_container_mt-39] [INFO] [1760034424.137926743] [control.trajectory_follower.controller_node_exe]: Waiting for acceleration data
[component_container_mt-39] [INFO] [1760034424.137973395] [control.trajectory_follower.controller_node_exe]: Control is skipped since input data is not ready.
[component_container_mt-35] [ERROR] [1760034424.198616963] [planning.scenario_planning.parking.costmap_generator]: Could not find a connection between 'map' and 'base_link' because they are not part of the same tree.Tf has two or more unconnected trees.
[component_container_mt-35] [ERROR] [1760034424.298617639] [planning.scenario_planning.parking.costmap_generator]: Could not find a connection between 'map' and 'base_link' because they are not part of the same tree.Tf has two or more unconnected trees.
[component_container_mt-35] [ERROR] [1760034424.398610689] [planning.scenario_planning.parking.costmap_generator]: Could not find a connection between 'map' and 'base_link' because they are not part of the same tree.Tf has two or more unconnected trees.
[component_container_mt-35] [ERROR] [1760034424.498608457] [planning.scenario_planning.parking.costmap_generator]: Could not find a connection between 'map' and 'base_link' because they are not part of the same tree.Tf has two or more unconnected trees.
[ERROR] [rviz2-47]: process has died [pid 1251695, exit code -6, cmd '/opt/ros/humble/lib/rviz2/rviz2 -d /home/aeon/repos/autoware/2025.02-ws/install/autoware_launch/share/autoware_launch/rviz/autoware.rviz -s /home/aeon/repos/autoware/2025.02-ws/install/autoware_launch/share/autoware_launch/rviz/image/autoware.png --ros-args -r __node:=rviz2 -p use_sim_time:=False -p wheel_radius:=0.383 -p wheel_width:=0.235 -p wheel_base:=2.79 -p wheel_tread:=1.64 -p front_overhang:=1.0 -p rear_overhang:=1.1 -p left_overhang:=0.128 -p right_overhang:=0.128 -p vehicle_height:=2.5 -p max_steer_angle:=0.7'].
[INFO] [rviz2-47]: process started with pid [1251705]
[rviz2-47] qt.qpa.xcb: could not connect to display :1
[rviz2-47] qt.qpa.plugin: Could not load the Qt platform plugin "xcb" in "" even though it was found.
[rviz2-47] This application failed to start because no Qt platform plugin could be initialized. Reinstalling the application may fix this problem.
[rviz2-47] 
[rviz2-47] Available platform plugins are: eglfs, linuxfb, minimal, minimalegl, offscreen, vnc, xcb.
[rviz2-47] 
[component_container_mt-35] [ERROR] [1760034424.598619585] [planning.scenario_planning.parking.costmap_generator]: Could not find a connection between 'map' and 'base_link' because they are not part of the same tree.Tf has two or more unconnected trees.
[component_container_mt-35] [ERROR] [1760034424.698613404] [planning.scenario_planning.parking.costmap_generator]: Could not find a connection between 'map' and 'base_link' because they are not part of the same tree.Tf has two or more unconnected trees.
[component_container_mt-35] [ERROR] [1760034424.798656022] [planning.scenario_planning.parking.costmap_generator]: Could not find a connection between 'map' and 'base_link' because they are not part of the same tree.Tf has two or more unconnected trees.
[component_container_mt-35] [ERROR] [1760034424.898617042] [planning.scenario_planning.parking.costmap_generator]: Could not find a connection between 'map' and 'base_link' because they are not part of the same tree.Tf has two or more unconnected trees.
[component_container_mt-35] [ERROR] [1760034424.998618267] [planning.scenario_planning.parking.costmap_generator]: Could not find a connection between 'map' and 'base_link' because they are not part of the same tree.Tf has two or more unconnected trees.
[component_container_mt-35] [ERROR] [1760034425.098615974] [planning.scenario_planning.parking.costmap_generator]: Could not find a connection between 'map' and 'base_link' because they are not part of the same tree.Tf has two or more unconnected trees.
[component_container_mt-35] [ERROR] [1760034425.198658444] [planning.scenario_planning.parking.costmap_generator]: Could not find a connection between 'map' and 'base_link' because they are not part of the same tree.Tf has two or more unconnected trees.
[component_container_mt-35] [ERROR] [1760034425.298614851] [planning.scenario_planning.parking.costmap_generator]: Could not find a connection between 'map' and 'base_link' because they are not part of the same tree.Tf has two or more unconnected trees.
[component_container_mt-35] [ERROR] [1760034425.398612654] [planning.scenario_planning.parking.costmap_generator]: Could not find a connection between 'map' and 'base_link' because they are not part of the same tree.Tf has two or more unconnected trees.
[component_container_mt-35] [ERROR] [1760034425.498608104] [planning.scenario_planning.parking.costmap_generator]: Could not find a connection between 'map' and 'base_link' because they are not part of the same tree.Tf has two or more unconnected trees.
[topic_state_monitor_node-8] [INFO] [1760034425.549818031] [system.topic_state_monitor_initialpose3d]: /initialpose3d has not received. Set ERROR in diagnostics.
[component_container_mt-35] [ERROR] [1760034425.598606283] [planning.scenario_planning.parking.costmap_generator]: Could not find a connection between 'map' and 'base_link' because they are not part of the same tree.Tf has two or more unconnected trees.
[ERROR] [rviz2-47]: process has died [pid 1251705, exit code -6, cmd '/opt/ros/humble/lib/rviz2/rviz2 -d /home/aeon/repos/autoware/2025.02-ws/install/autoware_launch/share/autoware_launch/rviz/autoware.rviz -s /home/aeon/repos/autoware/2025.02-ws/install/autoware_launch/share/autoware_launch/rviz/image/autoware.png --ros-args -r __node:=rviz2 -p use_sim_time:=False -p wheel_radius:=0.383 -p wheel_width:=0.235 -p wheel_base:=2.79 -p wheel_tread:=1.64 -p front_overhang:=1.0 -p rear_overhang:=1.1 -p left_overhang:=0.128 -p right_overhang:=0.128 -p vehicle_height:=2.5 -p max_steer_angle:=0.7'].
[INFO] [rviz2-47]: process started with pid [1251712]
[rviz2-47] qt.qpa.xcb: could not connect to display :1
[rviz2-47] qt.qpa.plugin: Could not load the Qt platform plugin "xcb" in "" even though it was found.
[rviz2-47] This application failed to start because no Qt platform plugin could be initialized. Reinstalling the application may fix this problem.
[rviz2-47] 
[rviz2-47] Available platform plugins are: eglfs, linuxfb, minimal, minimalegl, offscreen, vnc, xcb.
[rviz2-47] 
[component_container_mt-35] [ERROR] [1760034425.698611578] [planning.scenario_planning.parking.costmap_generator]: Could not find a connection between 'map' and 'base_link' because they are not part of the same tree.Tf has two or more unconnected trees.
[component_container_mt-33] [INFO] [1760034425.754346153] [planning.scenario_planning.lane_driving.behavior_planning.behavior_path_planner]: waiting for scenario_topic
[component_container_mt-35] [ERROR] [1760034425.798644005] [planning.scenario_planning.parking.costmap_generator]: Could not find a connection between 'map' and 'base_link' because they are not part of the same tree.Tf has two or more unconnected trees.
[component_container_mt-35] [ERROR] [1760034425.898639032] [planning.scenario_planning.parking.costmap_generator]: Could not find a connection between 'map' and 'base_link' because they are not part of the same tree.Tf has two or more unconnected trees.
[component_container_mt-35] [ERROR] [1760034425.998613945] [planning.scenario_planning.parking.costmap_generator]: Could not find a connection between 'map' and 'base_link' because they are not part of the same tree.Tf has two or more unconnected trees.
[topic_state_monitor_node-12] [INFO] [1760034426.082933999] [system.topic_state_monitor_trajectory_follower_control_cmd]: /control/trajectory_follower/control_cmd has not received. Set ERROR in diagnostics.
[component_container_mt-35] [ERROR] [1760034426.098615080] [planning.scenario_planning.parking.costmap_generator]: Could not find a connection between 'map' and 'base_link' because they are not part of the same tree.Tf has two or more unconnected trees.
[topic_state_monitor_node-13] [INFO] [1760034426.177074480] [system.topic_state_monitor_control_command_control_cmd]: /control/command/control_cmd has not received. Set ERROR in diagnostics.
[topic_state_monitor_node-11] [INFO] [1760034426.177913408] [system.topic_state_monitor_scenario_planning_trajectory]: /planning/scenario_planning/trajectory has not received. Set ERROR in diagnostics.
[component_container_mt-35] [ERROR] [1760034426.198643135] [planning.scenario_planning.parking.costmap_generator]: Could not find a connection between 'map' and 'base_link' because they are not part of the same tree.Tf has two or more unconnected trees.
[topic_state_monitor_node-17] [INFO] [1760034426.271668257] [system.topic_state_monitor_transform_map_to_base_link]: /tf has not received. Set ERROR in diagnostics.
[component_container_mt-35] [ERROR] [1760034426.298618148] [planning.scenario_planning.parking.costmap_generator]: Could not find a connection between 'map' and 'base_link' because they are not part of the same tree.Tf has two or more unconnected trees.
[autoware_scenario_selector_node-30] [INFO] [1760034426.355341949] [planning.scenario_planning.scenario_selector]: Waiting for current pose.
[topic_state_monitor_node-10] [INFO] [1760034426.373235903] [system.topic_state_monitor_mission_planning_route]: /planning/mission_planning/route has not received. Set ERROR in diagnostics.
[component_container_mt-35] [ERROR] [1760034426.398593261] [planning.scenario_planning.parking.costmap_generator]: Could not find a connection between 'map' and 'base_link' because they are not part of the same tree.Tf has two or more unconnected trees.
[component_container_mt-35] [ERROR] [1760034426.498612120] [planning.scenario_planning.parking.costmap_generator]: Could not find a connection between 'map' and 'base_link' because they are not part of the same tree.Tf has two or more unconnected trees.
[topic_state_monitor_node-14] [INFO] [1760034426.593552588] [system.topic_state_monitor_vehicle_status_velocity_status]: /vehicle/status/velocity_status has not received. Set ERROR in diagnostics.
[topic_state_monitor_node-15] [INFO] [1760034426.593587068] [system.topic_state_monitor_vehicle_status_steering_status]: /vehicle/status/steering_status has not received. Set ERROR in diagnostics.
[component_container_mt-35] [ERROR] [1760034426.598608815] [planning.scenario_planning.parking.costmap_generator]: Could not find a connection between 'map' and 'base_link' because they are not part of the same tree.Tf has two or more unconnected trees.
[component_container_mt-35] [ERROR] [1760034426.698609083] [planning.scenario_planning.parking.costmap_generator]: Could not find a connection between 'map' and 'base_link' because they are not part of the same tree.Tf has two or more unconnected trees.
[ERROR] [rviz2-47]: process has died [pid 1251712, exit code -6, cmd '/opt/ros/humble/lib/rviz2/rviz2 -d /home/aeon/repos/autoware/2025.02-ws/install/autoware_launch/share/autoware_launch/rviz/autoware.rviz -s /home/aeon/repos/autoware/2025.02-ws/install/autoware_launch/share/autoware_launch/rviz/image/autoware.png --ros-args -r __node:=rviz2 -p use_sim_time:=False -p wheel_radius:=0.383 -p wheel_width:=0.235 -p wheel_base:=2.79 -p wheel_tread:=1.64 -p front_overhang:=1.0 -p rear_overhang:=1.1 -p left_overhang:=0.128 -p right_overhang:=0.128 -p vehicle_height:=2.5 -p max_steer_angle:=0.7'].
[INFO] [rviz2-47]: process started with pid [1251729]
[component_container_mt-35] [ERROR] [1760034426.798618253] [planning.scenario_planning.parking.costmap_generator]: Could not find a connection between 'map' and 'base_link' because they are not part of the same tree.Tf has two or more unconnected trees.
[rviz2-47] qt.qpa.xcb: could not connect to display :1
[rviz2-47] qt.qpa.plugin: Could not load the Qt platform plugin "xcb" in "" even though it was found.
[rviz2-47] This application failed to start because no Qt platform plugin could be initialized. Reinstalling the application may fix this problem.
[rviz2-47] 
[rviz2-47] Available platform plugins are: eglfs, linuxfb, minimal, minimalegl, offscreen, vnc, xcb.
[rviz2-47] 
[component_container_mt-35] [ERROR] [1760034426.898616515] [planning.scenario_planning.parking.costmap_generator]: Could not find a connection between 'map' and 'base_link' because they are not part of the same tree.Tf has two or more unconnected trees.
[component_container_mt-35] [ERROR] [1760034426.998614654] [planning.scenario_planning.parking.costmap_generator]: Could not find a connection between 'map' and 'base_link' because they are not part of the same tree.Tf has two or more unconnected trees.
[component_container_mt-35] [ERROR] [1760034427.098616089] [planning.scenario_planning.parking.costmap_generator]: Could not find a connection between 'map' and 'base_link' because they are not part of the same tree.Tf has two or more unconnected trees.
[component_container_mt-28] [INFO] [1760034427.191280360] [planning.mission_planning.mission_planner]: waiting odometry... Route API is not ready.
[component_container_mt-35] [ERROR] [1760034427.198678763] [planning.scenario_planning.parking.costmap_generator]: Could not find a connection between 'map' and 'base_link' because they are not part of the same tree.Tf has two or more unconnected trees.
[component_container_mt-35] [ERROR] [1760034427.298614729] [planning.scenario_planning.parking.costmap_generator]: Could not find a connection between 'map' and 'base_link' because they are not part of the same tree.Tf has two or more unconnected trees.
[component_container_mt-35] [ERROR] [1760034427.398613829] [planning.scenario_planning.parking.costmap_generator]: Could not find a connection between 'map' and 'base_link' because they are not part of the same tree.Tf has two or more unconnected trees.
[component_container_mt-35] [ERROR] [1760034427.498591414] [planning.scenario_planning.parking.costmap_generator]: Could not find a connection between 'map' and 'base_link' because they are not part of the same tree.Tf has two or more unconnected trees.
[component_container_mt-35] [ERROR] [1760034427.598611915] [planning.scenario_planning.parking.costmap_generator]: Could not find a connection between 'map' and 'base_link' because they are not part of the same tree.Tf has two or more unconnected trees.
[component_container_mt-35] [ERROR] [1760034427.698649190] [planning.scenario_planning.parking.costmap_generator]: Could not find a connection between 'map' and 'base_link' because they are not part of the same tree.Tf has two or more unconnected trees.
[component_container_mt-35] [ERROR] [1760034427.798611864] [planning.scenario_planning.parking.costmap_generator]: Could not find a connection between 'map' and 'base_link' because they are not part of the same tree.Tf has two or more unconnected trees.
[ERROR] [rviz2-47]: process has died [pid 1251729, exit code -6, cmd '/opt/ros/humble/lib/rviz2/rviz2 -d /home/aeon/repos/autoware/2025.02-ws/install/autoware_launch/share/autoware_launch/rviz/autoware.rviz -s /home/aeon/repos/autoware/2025.02-ws/install/autoware_launch/share/autoware_launch/rviz/image/autoware.png --ros-args -r __node:=rviz2 -p use_sim_time:=False -p wheel_radius:=0.383 -p wheel_width:=0.235 -p wheel_base:=2.79 -p wheel_tread:=1.64 -p front_overhang:=1.0 -p rear_overhang:=1.1 -p left_overhang:=0.128 -p right_overhang:=0.128 -p vehicle_height:=2.5 -p max_steer_angle:=0.7'].
[INFO] [rviz2-47]: process started with pid [1251741]
[component_container_mt-35] [ERROR] [1760034427.898620563] [planning.scenario_planning.parking.costmap_generator]: Could not find a connection between 'map' and 'base_link' because they are not part of the same tree.Tf has two or more unconnected trees.
[rviz2-47] qt.qpa.xcb: could not connect to display :1
[rviz2-47] qt.qpa.plugin: Could not load the Qt platform plugin "xcb" in "" even though it was found.
[rviz2-47] This application failed to start because no Qt platform plugin could be initialized. Reinstalling the application may fix this problem.
[rviz2-47] 
[rviz2-47] Available platform plugins are: eglfs, linuxfb, minimal, minimalegl, offscreen, vnc, xcb.
[rviz2-47] 
[component_container_mt-35] [ERROR] [1760034427.998617890] [planning.scenario_planning.parking.costmap_generator]: Could not find a connection between 'map' and 'base_link' because they are not part of the same tree.Tf has two or more unconnected trees.
[component_container_mt-35] [ERROR] [1760034428.098614769] [planning.scenario_planning.parking.costmap_generator]: Could not find a connection between 'map' and 'base_link' because they are not part of the same tree.Tf has two or more unconnected trees.
[component_container_mt-35] [ERROR] [1760034428.198614970] [planning.scenario_planning.parking.costmap_generator]: Could not find a connection between 'map' and 'base_link' because they are not part of the same tree.Tf has two or more unconnected trees.
[component_container_mt-35] [ERROR] [1760034428.298623022] [planning.scenario_planning.parking.costmap_generator]: Could not find a connection between 'map' and 'base_link' because they are not part of the same tree.Tf has two or more unconnected trees.
[component_container_mt-35] [ERROR] [1760034428.398619335] [planning.scenario_planning.parking.costmap_generator]: Could not find a connection between 'map' and 'base_link' because they are not part of the same tree.Tf has two or more unconnected trees.
[component_container_mt-35] [ERROR] [1760034428.498634600] [planning.scenario_planning.parking.costmap_generator]: Could not find a connection between 'map' and 'base_link' because they are not part of the same tree.Tf has two or more unconnected trees.
[topic_state_monitor_node-8] [INFO] [1760034428.550218604] [system.topic_state_monitor_initialpose3d]: /initialpose3d has not received. Set ERROR in diagnostics.
[component_container_mt-40] [INFO] [1760034428.566278073] [control.trajectory_follower.lane_departure_checker_node]: waiting for current_twist msg...
[simple_planning_simulator_exe-61] [INFO] [1760034428.598077065] [simulation.simple_planning_simulator]: waiting initialization...
[component_container_mt-35] [ERROR] [1760034428.598623526] [planning.scenario_planning.parking.costmap_generator]: Could not find a connection between 'map' and 'base_link' because they are not part of the same tree.Tf has two or more unconnected trees.
[component_container_mt-35] [ERROR] [1760034428.698620415] [planning.scenario_planning.parking.costmap_generator]: Could not find a connection between 'map' and 'base_link' because they are not part of the same tree.Tf has two or more unconnected trees.
[component_container_mt-35] [ERROR] [1760034428.798611927] [planning.scenario_planning.parking.costmap_generator]: Could not find a connection between 'map' and 'base_link' because they are not part of the same tree.Tf has two or more unconnected trees.
[component_container_mt-35] [ERROR] [1760034428.898612259] [planning.scenario_planning.parking.costmap_generator]: Could not find a connection between 'map' and 'base_link' because they are not part of the same tree.Tf has two or more unconnected trees.
[component_container_mt-40] [INFO] [1760034428.901622132] [control.collision_detector]: waiting for current odometry...
[component_container_mt-35] [ERROR] [1760034428.998617657] [planning.scenario_planning.parking.costmap_generator]: Could not find a connection between 'map' and 'base_link' because they are not part of the same tree.Tf has two or more unconnected trees.
[ERROR] [rviz2-47]: process has died [pid 1251741, exit code -6, cmd '/opt/ros/humble/lib/rviz2/rviz2 -d /home/aeon/repos/autoware/2025.02-ws/install/autoware_launch/share/autoware_launch/rviz/autoware.rviz -s /home/aeon/repos/autoware/2025.02-ws/install/autoware_launch/share/autoware_launch/rviz/image/autoware.png --ros-args -r __node:=rviz2 -p use_sim_time:=False -p wheel_radius:=0.383 -p wheel_width:=0.235 -p wheel_base:=2.79 -p wheel_tread:=1.64 -p front_overhang:=1.0 -p rear_overhang:=1.1 -p left_overhang:=0.128 -p right_overhang:=0.128 -p vehicle_height:=2.5 -p max_steer_angle:=0.7'].
[INFO] [rviz2-47]: process started with pid [1251807]
[rviz2-47] qt.qpa.xcb: could not connect to display :1
[rviz2-47] qt.qpa.plugin: Could not load the Qt platform plugin "xcb" in "" even though it was found.
[rviz2-47] This application failed to start because no Qt platform plugin could be initialized. Reinstalling the application may fix this problem.
[rviz2-47] 
[rviz2-47] Available platform plugins are: eglfs, linuxfb, minimal, minimalegl, offscreen, vnc, xcb.
[rviz2-47] 
[topic_state_monitor_node-12] [INFO] [1760034429.082940316] [system.topic_state_monitor_trajectory_follower_control_cmd]: /control/trajectory_follower/control_cmd has not received. Set ERROR in diagnostics.
[component_container_mt-35] [ERROR] [1760034429.098618441] [planning.scenario_planning.parking.costmap_generator]: Could not find a connection between 'map' and 'base_link' because they are not part of the same tree.Tf has two or more unconnected trees.
[component_container_mt-39] [INFO] [1760034429.147893973] [control.trajectory_follower.controller_node_exe]: Waiting for acceleration data
[component_container_mt-39] [INFO] [1760034429.147956320] [control.trajectory_follower.controller_node_exe]: Control is skipped since input data is not ready.
[topic_state_monitor_node-13] [INFO] [1760034429.177074670] [system.topic_state_monitor_control_command_control_cmd]: /control/command/control_cmd has not received. Set ERROR in diagnostics.
[topic_state_monitor_node-11] [INFO] [1760034429.177914584] [system.topic_state_monitor_scenario_planning_trajectory]: /planning/scenario_planning/trajectory has not received. Set ERROR in diagnostics.
[component_container_mt-35] [ERROR] [1760034429.198640255] [planning.scenario_planning.parking.costmap_generator]: Could not find a connection between 'map' and 'base_link' because they are not part of the same tree.Tf has two or more unconnected trees.
[component_container_mt-40] [INFO] [1760034429.231767329] [control.autonomous_emergency_braking]: [AEB] waiting for ego velocity
[component_container_mt-35] [ERROR] [1760034429.298620542] [planning.scenario_planning.parking.costmap_generator]: Could not find a connection between 'map' and 'base_link' because they are not part of the same tree.Tf has two or more unconnected trees.
[topic_state_monitor_node-17] [INFO] [1760034429.371662733] [system.topic_state_monitor_transform_map_to_base_link]: /tf has not received. Set ERROR in diagnostics.
[topic_state_monitor_node-10] [INFO] [1760034429.373326904] [system.topic_state_monitor_mission_planning_route]: /planning/mission_planning/route has not received. Set ERROR in diagnostics.
[component_container_mt-35] [ERROR] [1760034429.398617363] [planning.scenario_planning.parking.costmap_generator]: Could not find a connection between 'map' and 'base_link' because they are not part of the same tree.Tf has two or more unconnected trees.
[component_container_mt-35] [ERROR] [1760034429.498616762] [planning.scenario_planning.parking.costmap_generator]: Could not find a connection between 'map' and 'base_link' because they are not part of the same tree.Tf has two or more unconnected trees.
[topic_state_monitor_node-15] [INFO] [1760034429.593590671] [system.topic_state_monitor_vehicle_status_steering_status]: /vehicle/status/steering_status has not received. Set ERROR in diagnostics.
[component_container_mt-35] [ERROR] [1760034429.598615518] [planning.scenario_planning.parking.costmap_generator]: Could not find a connection between 'map' and 'base_link' because they are not part of the same tree.Tf has two or more unconnected trees.
[topic_state_monitor_node-14] [INFO] [1760034429.693550095] [system.topic_state_monitor_vehicle_status_velocity_status]: /vehicle/status/velocity_status has not received. Set ERROR in diagnostics.
[component_container_mt-35] [ERROR] [1760034429.698611964] [planning.scenario_planning.parking.costmap_generator]: Could not find a connection between 'map' and 'base_link' because they are not part of the same tree.Tf has two or more unconnected trees.
[component_container_mt-35] [ERROR] [1760034429.798647871] [planning.scenario_planning.parking.costmap_generator]: Could not find a connection between 'map' and 'base_link' because they are not part of the same tree.Tf has two or more unconnected trees.
[component_container_mt-35] [ERROR] [1760034429.898609314] [planning.scenario_planning.parking.costmap_generator]: Could not find a connection between 'map' and 'base_link' because they are not part of the same tree.Tf has two or more unconnected trees.
[component_container_mt-35] [ERROR] [1760034429.998641075] [planning.scenario_planning.parking.costmap_generator]: Could not find a connection between 'map' and 'base_link' because they are not part of the same tree.Tf has two or more unconnected trees.
[component_container_mt-35] [ERROR] [1760034430.098616310] [planning.scenario_planning.parking.costmap_generator]: Could not find a connection between 'map' and 'base_link' because they are not part of the same tree.Tf has two or more unconnected trees.
[ERROR] [rviz2-47]: process has died [pid 1251807, exit code -6, cmd '/opt/ros/humble/lib/rviz2/rviz2 -d /home/aeon/repos/autoware/2025.02-ws/install/autoware_launch/share/autoware_launch/rviz/autoware.rviz -s /home/aeon/repos/autoware/2025.02-ws/install/autoware_launch/share/autoware_launch/rviz/image/autoware.png --ros-args -r __node:=rviz2 -p use_sim_time:=False -p wheel_radius:=0.383 -p wheel_width:=0.235 -p wheel_base:=2.79 -p wheel_tread:=1.64 -p front_overhang:=1.0 -p rear_overhang:=1.1 -p left_overhang:=0.128 -p right_overhang:=0.128 -p vehicle_height:=2.5 -p max_steer_angle:=0.7'].
[INFO] [rviz2-47]: process started with pid [1251815]
[component_container_mt-35] [ERROR] [1760034430.198613940] [planning.scenario_planning.parking.costmap_generator]: Could not find a connection between 'map' and 'base_link' because they are not part of the same tree.Tf has two or more unconnected trees.
[rviz2-47] qt.qpa.xcb: could not connect to display :1
[rviz2-47] qt.qpa.plugin: Could not load the Qt platform plugin "xcb" in "" even though it was found.
[rviz2-47] This application failed to start because no Qt platform plugin could be initialized. Reinstalling the application may fix this problem.
[rviz2-47] 
[rviz2-47] Available platform plugins are: eglfs, linuxfb, minimal, minimalegl, offscreen, vnc, xcb.
[rviz2-47] 
[component_container_mt-35] [ERROR] [1760034430.298616589] [planning.scenario_planning.parking.costmap_generator]: Could not find a connection between 'map' and 'base_link' because they are not part of the same tree.Tf has two or more unconnected trees.
[component_container_mt-35] [ERROR] [1760034430.398615124] [planning.scenario_planning.parking.costmap_generator]: Could not find a connection between 'map' and 'base_link' because they are not part of the same tree.Tf has two or more unconnected trees.
[component_container_mt-35] [ERROR] [1760034430.498617424] [planning.scenario_planning.parking.costmap_generator]: Could not find a connection between 'map' and 'base_link' because they are not part of the same tree.Tf has two or more unconnected trees.
[component_container_mt-35] [ERROR] [1760034430.598616817] [planning.scenario_planning.parking.costmap_generator]: Could not find a connection between 'map' and 'base_link' because they are not part of the same tree.Tf has two or more unconnected trees.
[component_container_mt-35] [ERROR] [1760034430.698613523] [planning.scenario_planning.parking.costmap_generator]: Could not find a connection between 'map' and 'base_link' because they are not part of the same tree.Tf has two or more unconnected trees.
[component_container_mt-33] [INFO] [1760034430.754364264] [planning.scenario_planning.lane_driving.behavior_planning.behavior_path_planner]: waiting for scenario_topic
[component_container_mt-35] [ERROR] [1760034430.798615257] [planning.scenario_planning.parking.costmap_generator]: Could not find a connection between 'map' and 'base_link' because they are not part of the same tree.Tf has two or more unconnected trees.
[component_container_mt-35] [ERROR] [1760034430.898610035] [planning.scenario_planning.parking.costmap_generator]: Could not find a connection between 'map' and 'base_link' because they are not part of the same tree.Tf has two or more unconnected trees.
[component_container_mt-35] [ERROR] [1760034430.998610509] [planning.scenario_planning.parking.costmap_generator]: Could not find a connection between 'map' and 'base_link' because they are not part of the same tree.Tf has two or more unconnected trees.
[component_container_mt-35] [ERROR] [1760034431.098614643] [planning.scenario_planning.parking.costmap_generator]: Could not find a connection between 'map' and 'base_link' because they are not part of the same tree.Tf has two or more unconnected trees.
[component_container_mt-35] [ERROR] [1760034431.198616799] [planning.scenario_planning.parking.costmap_generator]: Could not find a connection between 'map' and 'base_link' because they are not part of the same tree.Tf has two or more unconnected trees.
[ERROR] [rviz2-47]: process has died [pid 1251815, exit code -6, cmd '/opt/ros/humble/lib/rviz2/rviz2 -d /home/aeon/repos/autoware/2025.02-ws/install/autoware_launch/share/autoware_launch/rviz/autoware.rviz -s /home/aeon/repos/autoware/2025.02-ws/install/autoware_launch/share/autoware_launch/rviz/image/autoware.png --ros-args -r __node:=rviz2 -p use_sim_time:=False -p wheel_radius:=0.383 -p wheel_width:=0.235 -p wheel_base:=2.79 -p wheel_tread:=1.64 -p front_overhang:=1.0 -p rear_overhang:=1.1 -p left_overhang:=0.128 -p right_overhang:=0.128 -p vehicle_height:=2.5 -p max_steer_angle:=0.7'].
[INFO] [rviz2-47]: process started with pid [1251826]
[component_container_mt-35] [ERROR] [1760034431.298616338] [planning.scenario_planning.parking.costmap_generator]: Could not find a connection between 'map' and 'base_link' because they are not part of the same tree.Tf has two or more unconnected trees.
[rviz2-47] qt.qpa.xcb: could not connect to display :1
[rviz2-47] qt.qpa.plugin: Could not load the Qt platform plugin "xcb" in "" even though it was found.
[rviz2-47] This application failed to start because no Qt platform plugin could be initialized. Reinstalling the application may fix this problem.
[rviz2-47] 
[rviz2-47] Available platform plugins are: eglfs, linuxfb, minimal, minimalegl, offscreen, vnc, xcb.
[rviz2-47] 
[autoware_scenario_selector_node-30] [INFO] [1760034431.357077954] [planning.scenario_planning.scenario_selector]: Waiting for current pose.
[component_container_mt-35] [ERROR] [1760034431.398620471] [planning.scenario_planning.parking.costmap_generator]: Could not find a connection between 'map' and 'base_link' because they are not part of the same tree.Tf has two or more unconnected trees.
[component_container_mt-35] [ERROR] [1760034431.498615642] [planning.scenario_planning.parking.costmap_generator]: Could not find a connection between 'map' and 'base_link' because they are not part of the same tree.Tf has two or more unconnected trees.
[topic_state_monitor_node-8] [INFO] [1760034431.552703840] [system.topic_state_monitor_initialpose3d]: /initialpose3d has not received. Set ERROR in diagnostics.
[component_container_mt-35] [ERROR] [1760034431.598614631] [planning.scenario_planning.parking.costmap_generator]: Could not find a connection between 'map' and 'base_link' because they are not part of the same tree.Tf has two or more unconnected trees.
[component_container_mt-35] [ERROR] [1760034431.698613284] [planning.scenario_planning.parking.costmap_generator]: Could not find a connection between 'map' and 'base_link' because they are not part of the same tree.Tf has two or more unconnected trees.
[component_container_mt-35] [ERROR] [1760034431.798615631] [planning.scenario_planning.parking.costmap_generator]: Could not find a connection between 'map' and 'base_link' because they are not part of the same tree.Tf has two or more unconnected trees.
[component_container_mt-35] [ERROR] [1760034431.898627918] [planning.scenario_planning.parking.costmap_generator]: Could not find a connection between 'map' and 'base_link' because they are not part of the same tree.Tf has two or more unconnected trees.
[component_container_mt-35] [ERROR] [1760034431.998613620] [planning.scenario_planning.parking.costmap_generator]: Could not find a connection between 'map' and 'base_link' because they are not part of the same tree.Tf has two or more unconnected trees.
[topic_state_monitor_node-12] [INFO] [1760034432.082946355] [system.topic_state_monitor_trajectory_follower_control_cmd]: /control/trajectory_follower/control_cmd has not received. Set ERROR in diagnostics.
[component_container_mt-35] [ERROR] [1760034432.098611461] [planning.scenario_planning.parking.costmap_generator]: Could not find a connection between 'map' and 'base_link' because they are not part of the same tree.Tf has two or more unconnected trees.
[component_container_mt-28] [INFO] [1760034432.191298568] [planning.mission_planning.mission_planner]: waiting odometry... Route API is not ready.
[component_container_mt-35] [ERROR] [1760034432.198609871] [planning.scenario_planning.parking.costmap_generator]: Could not find a connection between 'map' and 'base_link' because they are not part of the same tree.Tf has two or more unconnected trees.
[topic_state_monitor_node-13] [INFO] [1760034432.277074339] [system.topic_state_monitor_control_command_control_cmd]: /control/command/control_cmd has not received. Set ERROR in diagnostics.
[topic_state_monitor_node-11] [INFO] [1760034432.277911957] [system.topic_state_monitor_scenario_planning_trajectory]: /planning/scenario_planning/trajectory has not received. Set ERROR in diagnostics.
[component_container_mt-35] [ERROR] [1760034432.298617248] [planning.scenario_planning.parking.costmap_generator]: Could not find a connection between 'map' and 'base_link' because they are not part of the same tree.Tf has two or more unconnected trees.
[component_container_mt-35] [ERROR] [1760034432.398617260] [planning.scenario_planning.parking.costmap_generator]: Could not find a connection between 'map' and 'base_link' because they are not part of the same tree.Tf has two or more unconnected trees.
[ERROR] [rviz2-47]: process has died [pid 1251826, exit code -6, cmd '/opt/ros/humble/lib/rviz2/rviz2 -d /home/aeon/repos/autoware/2025.02-ws/install/autoware_launch/share/autoware_launch/rviz/autoware.rviz -s /home/aeon/repos/autoware/2025.02-ws/install/autoware_launch/share/autoware_launch/rviz/image/autoware.png --ros-args -r __node:=rviz2 -p use_sim_time:=False -p wheel_radius:=0.383 -p wheel_width:=0.235 -p wheel_base:=2.79 -p wheel_tread:=1.64 -p front_overhang:=1.0 -p rear_overhang:=1.1 -p left_overhang:=0.128 -p right_overhang:=0.128 -p vehicle_height:=2.5 -p max_steer_angle:=0.7'].
[INFO] [rviz2-47]: process started with pid [1251848]
[rviz2-47] qt.qpa.xcb: could not connect to display :1
[rviz2-47] qt.qpa.plugin: Could not load the Qt platform plugin "xcb" in "" even though it was found.
[rviz2-47] This application failed to start because no Qt platform plugin could be initialized. Reinstalling the application may fix this problem.
[rviz2-47] 
[rviz2-47] Available platform plugins are: eglfs, linuxfb, minimal, minimalegl, offscreen, vnc, xcb.
[rviz2-47] 
[topic_state_monitor_node-10] [INFO] [1760034432.469268238] [system.topic_state_monitor_mission_planning_route]: /planning/mission_planning/route has not received. Set ERROR in diagnostics.
[topic_state_monitor_node-17] [INFO] [1760034432.469581634] [system.topic_state_monitor_transform_map_to_base_link]: /tf has not received. Set ERROR in diagnostics.
[component_container_mt-35] [ERROR] [1760034432.498618733] [planning.scenario_planning.parking.costmap_generator]: Could not find a connection between 'map' and 'base_link' because they are not part of the same tree.Tf has two or more unconnected trees.
[component_container_mt-35] [ERROR] [1760034432.598614543] [planning.scenario_planning.parking.costmap_generator]: Could not find a connection between 'map' and 'base_link' because they are not part of the same tree.Tf has two or more unconnected trees.
[topic_state_monitor_node-15] [INFO] [1760034432.693576680] [system.topic_state_monitor_vehicle_status_steering_status]: /vehicle/status/steering_status has not received. Set ERROR in diagnostics.
[component_container_mt-35] [ERROR] [1760034432.698617056] [planning.scenario_planning.parking.costmap_generator]: Could not find a connection between 'map' and 'base_link' because they are not part of the same tree.Tf has two or more unconnected trees.
[topic_state_monitor_node-14] [INFO] [1760034432.793554560] [system.topic_state_monitor_vehicle_status_velocity_status]: /vehicle/status/velocity_status has not received. Set ERROR in diagnostics.
[component_container_mt-35] [ERROR] [1760034432.798612613] [planning.scenario_planning.parking.costmap_generator]: Could not find a connection between 'map' and 'base_link' because they are not part of the same tree.Tf has two or more unconnected trees.
[component_container_mt-35] [ERROR] [1760034432.898646297] [planning.scenario_planning.parking.costmap_generator]: Could not find a connection between 'map' and 'base_link' because they are not part of the same tree.Tf has two or more unconnected trees.
[component_container_mt-35] [ERROR] [1760034432.998613608] [planning.scenario_planning.parking.costmap_generator]: Could not find a connection between 'map' and 'base_link' because they are not part of the same tree.Tf has two or more unconnected trees.
[component_container_mt-35] [ERROR] [1760034433.098614156] [planning.scenario_planning.parking.costmap_generator]: Could not find a connection between 'map' and 'base_link' because they are not part of the same tree.Tf has two or more unconnected trees.
[component_container_mt-35] [ERROR] [1760034433.198606002] [planning.scenario_planning.parking.costmap_generator]: Could not find a connection between 'map' and 'base_link' because they are not part of the same tree.Tf has two or more unconnected trees.
[component_container_mt-35] [ERROR] [1760034433.298610376] [planning.scenario_planning.parking.costmap_generator]: Could not find a connection between 'map' and 'base_link' because they are not part of the same tree.Tf has two or more unconnected trees.
[component_container_mt-35] [ERROR] [1760034433.398618707] [planning.scenario_planning.parking.costmap_generator]: Could not find a connection between 'map' and 'base_link' because they are not part of the same tree.Tf has two or more unconnected trees.
[component_container_mt-35] [ERROR] [1760034433.498613423] [planning.scenario_planning.parking.costmap_generator]: Could not find a connection between 'map' and 'base_link' because they are not part of the same tree.Tf has two or more unconnected trees.
[ERROR] [rviz2-47]: process has died [pid 1251848, exit code -6, cmd '/opt/ros/humble/lib/rviz2/rviz2 -d /home/aeon/repos/autoware/2025.02-ws/install/autoware_launch/share/autoware_launch/rviz/autoware.rviz -s /home/aeon/repos/autoware/2025.02-ws/install/autoware_launch/share/autoware_launch/rviz/image/autoware.png --ros-args -r __node:=rviz2 -p use_sim_time:=False -p wheel_radius:=0.383 -p wheel_width:=0.235 -p wheel_base:=2.79 -p wheel_tread:=1.64 -p front_overhang:=1.0 -p rear_overhang:=1.1 -p left_overhang:=0.128 -p right_overhang:=0.128 -p vehicle_height:=2.5 -p max_steer_angle:=0.7'].
[INFO] [rviz2-47]: process started with pid [1251855]
[rviz2-47] qt.qpa.xcb: could not connect to display :1
[rviz2-47] qt.qpa.plugin: Could not load the Qt platform plugin "xcb" in "" even though it was found.
[rviz2-47] This application failed to start because no Qt platform plugin could be initialized. Reinstalling the application may fix this problem.
[rviz2-47] 
[rviz2-47] Available platform plugins are: eglfs, linuxfb, minimal, minimalegl, offscreen, vnc, xcb.
[rviz2-47] 
[component_container_mt-35] [ERROR] [1760034433.598620070] [planning.scenario_planning.parking.costmap_generator]: Could not find a connection between 'map' and 'base_link' because they are not part of the same tree.Tf has two or more unconnected trees.
[simple_planning_simulator_exe-61] [INFO] [1760034433.623085863] [simulation.simple_planning_simulator]: waiting initialization...
[component_container_mt-40] [INFO] [1760034433.666222728] [control.trajectory_follower.lane_departure_checker_node]: waiting for current_twist msg...
[component_container_mt-35] [ERROR] [1760034433.698613585] [planning.scenario_planning.parking.costmap_generator]: Could not find a connection between 'map' and 'base_link' because they are not part of the same tree.Tf has two or more unconnected trees.
[component_container_mt-35] [ERROR] [1760034433.798621132] [planning.scenario_planning.parking.costmap_generator]: Could not find a connection between 'map' and 'base_link' because they are not part of the same tree.Tf has two or more unconnected trees.
[component_container_mt-35] [ERROR] [1760034433.898622678] [planning.scenario_planning.parking.costmap_generator]: Could not find a connection between 'map' and 'base_link' because they are not part of the same tree.Tf has two or more unconnected trees.
[component_container_mt-40] [INFO] [1760034433.901745788] [control.collision_detector]: waiting for current odometry...
[component_container_mt-35] [ERROR] [1760034433.998636984] [planning.scenario_planning.parking.costmap_generator]: Could not find a connection between 'map' and 'base_link' because they are not part of the same tree.Tf has two or more unconnected trees.
[component_container_mt-35] [ERROR] [1760034434.098623526] [planning.scenario_planning.parking.costmap_generator]: Could not find a connection between 'map' and 'base_link' because they are not part of the same tree.Tf has two or more unconnected trees.
[component_container_mt-39] [INFO] [1760034434.157943924] [control.trajectory_follower.controller_node_exe]: Waiting for acceleration data
[component_container_mt-39] [INFO] [1760034434.157988546] [control.trajectory_follower.controller_node_exe]: Control is skipped since input data is not ready.
[component_container_mt-35] [ERROR] [1760034434.198610186] [planning.scenario_planning.parking.costmap_generator]: Could not find a connection between 'map' and 'base_link' because they are not part of the same tree.Tf has two or more unconnected trees.
[component_container_mt-40] [INFO] [1760034434.231771700] [control.autonomous_emergency_braking]: [AEB] waiting for ego velocity
[component_container_mt-35] [ERROR] [1760034434.298614721] [planning.scenario_planning.parking.costmap_generator]: Could not find a connection between 'map' and 'base_link' because they are not part of the same tree.Tf has two or more unconnected trees.
[component_container_mt-35] [ERROR] [1760034434.398612631] [planning.scenario_planning.parking.costmap_generator]: Could not find a connection between 'map' and 'base_link' because they are not part of the same tree.Tf has two or more unconnected trees.
[component_container_mt-35] [ERROR] [1760034434.498616081] [planning.scenario_planning.parking.costmap_generator]: Could not find a connection between 'map' and 'base_link' because they are not part of the same tree.Tf has two or more unconnected trees.
[topic_state_monitor_node-8] [INFO] [1760034434.552704264] [system.topic_state_monitor_initialpose3d]: /initialpose3d has not received. Set ERROR in diagnostics.
[component_container_mt-35] [ERROR] [1760034434.598616257] [planning.scenario_planning.parking.costmap_generator]: Could not find a connection between 'map' and 'base_link' because they are not part of the same tree.Tf has two or more unconnected trees.
