[component_container_mt-34] [INFO] [1760034389.040829540] [planning.scenario_planning.lane_driving.motion_planning.motion_planning_container]: Load Library: /home/aeon/repos/autoware/2025.02-ws/install/autoware_path_optimizer/lib/libautoware_path_optimizer.so
[INFO] [launch_ros.actions.load_composable_nodes]: Loaded node '/control/trajectory_follower/controller_node_exe' in container '/control/control_container'
[component_container_mt-39] [INFO] [1760034389.067933823] [control.trajectory_follower.controller_node_exe]: Waiting for acceleration data
[component_container_mt-39] [INFO] [1760034389.068039331] [control.trajectory_follower.controller_node_exe]: Control is skipped since input data is not ready.
[component_container_mt-35] [ERROR] [1760034389.098622675] [planning.scenario_planning.parking.costmap_generator]: Could not find a connection between 'map' and 'base_link' because they are not part of the same tree.Tf has two or more unconnected trees.
[component_container_mt-39] [INFO] [1760034389.106880610] [control.control_container]: Load Library: /home/aeon/repos/autoware/2025.02-ws/install/autoware_shift_decider/lib/libautoware_shift_decider_node.so
[component_container_mt-34] [INFO] [1760034389.161366124] [planning.scenario_planning.lane_driving.motion_planning.motion_planning_container]: Found class: rclcpp_components::NodeFactoryTemplate<autoware::path_optimizer::PathOptimizer>
[component_container_mt-34] [INFO] [1760034389.161418722] [planning.scenario_planning.lane_driving.motion_planning.motion_planning_container]: Instantiate class: rclcpp_components::NodeFactoryTemplate<autoware::path_optimizer::PathOptimizer>
[INFO] [launch_ros.actions.load_composable_nodes]: Loaded node '/planning/scenario_planning/lane_driving/motion_planning/path_optimizer' in container '/planning/scenario_planning/lane_driving/motion_planning/motion_planning_container'
[component_container_mt-35] [ERROR] [1760034389.198616628] [planning.scenario_planning.parking.costmap_generator]: Could not find a connection between 'map' and 'base_link' because they are not part of the same tree.Tf has two or more unconnected trees.
[component_container_mt-39] [INFO] [1760034389.252178559] [control.control_container]: Found class: rclcpp_components::NodeFactoryTemplate<autoware::shift_decider::ShiftDecider>
[component_container_mt-39] [INFO] [1760034389.252214848] [control.control_container]: Instantiate class: rclcpp_components::NodeFactoryTemplate<autoware::shift_decider::ShiftDecider>
[INFO] [launch_ros.actions.load_composable_nodes]: Loaded node '/control/autoware_shift_decider' in container '/control/control_container'
[ERROR] [rviz2-47]: process has died [pid 1249686, exit code -6, cmd '/opt/ros/humble/lib/rviz2/rviz2 -d /home/aeon/repos/autoware/2025.02-ws/install/autoware_launch/share/autoware_launch/rviz/autoware.rviz -s /home/aeon/repos/autoware/2025.02-ws/install/autoware_launch/share/autoware_launch/rviz/image/autoware.png --ros-args -r __node:=rviz2 -p use_sim_time:=False -p wheel_radius:=0.383 -p wheel_width:=0.235 -p wheel_base:=2.79 -p wheel_tread:=1.64 -p front_overhang:=1.0 -p rear_overhang:=1.1 -p left_overhang:=0.128 -p right_overhang:=0.128 -p vehicle_height:=2.5 -p max_steer_angle:=0.7'].
[INFO] [rviz2-47]: process started with pid [1250103]
[component_container_mt-35] [ERROR] [1760034389.298611896] [planning.scenario_planning.parking.costmap_generator]: Could not find a connection between 'map' and 'base_link' because they are not part of the same tree.Tf has two or more unconnected trees.
[component_container_mt-39] [INFO] [1760034389.318268373] [control.control_container]: Load Library: /home/aeon/repos/autoware/2025.02-ws/install/autoware_vehicle_cmd_gate/lib/libvehicle_cmd_gate_node.so
[rviz2-47] qt.qpa.xcb: could not connect to display :1
[rviz2-47] qt.qpa.plugin: Could not load the Qt platform plugin "xcb" in "" even though it was found.
[rviz2-47] This application failed to start because no Qt platform plugin could be initialized. Reinstalling the application may fix this problem.
[rviz2-47] 
[rviz2-47] Available platform plugins are: eglfs, linuxfb, minimal, minimalegl, offscreen, vnc, xcb.
[rviz2-47] 
[component_container_mt-35] [ERROR] [1760034389.398622895] [planning.scenario_planning.parking.costmap_generator]: Could not find a connection between 'map' and 'base_link' because they are not part of the same tree.Tf has two or more unconnected trees.
[topic_state_monitor_node-11] [INFO] [1760034389.477916639] [system.topic_state_monitor_scenario_planning_trajectory]: /planning/scenario_planning/trajectory has not received. Set ERROR in diagnostics.
[component_container_mt-35] [ERROR] [1760034389.498643458] [planning.scenario_planning.parking.costmap_generator]: Could not find a connection between 'map' and 'base_link' because they are not part of the same tree.Tf has two or more unconnected trees.
[component_container_mt-39] [INFO] [1760034389.562476753] [control.control_container]: Found class: rclcpp_components::NodeFactoryTemplate<autoware::vehicle_cmd_gate::VehicleCmdGate>
[component_container_mt-39] [INFO] [1760034389.562517136] [control.control_container]: Instantiate class: rclcpp_components::NodeFactoryTemplate<autoware::vehicle_cmd_gate::VehicleCmdGate>
[topic_state_monitor_node-13] [INFO] [1760034389.577073166] [system.topic_state_monitor_control_command_control_cmd]: /control/command/control_cmd has not received. Set ERROR in diagnostics.
[topic_state_monitor_node-12] [INFO] [1760034389.577113224] [system.topic_state_monitor_trajectory_follower_control_cmd]: /control/trajectory_follower/control_cmd has not received. Set ERROR in diagnostics.
[component_container_mt-35] [ERROR] [1760034389.598616669] [planning.scenario_planning.parking.costmap_generator]: Could not find a connection between 'map' and 'base_link' because they are not part of the same tree.Tf has two or more unconnected trees.
[INFO] [launch_ros.actions.load_composable_nodes]: Loaded node '/control/vehicle_cmd_gate' in container '/control/control_container'
[component_container_mt-35] [ERROR] [1760034389.698598259] [planning.scenario_planning.parking.costmap_generator]: Could not find a connection between 'map' and 'base_link' because they are not part of the same tree.Tf has two or more unconnected trees.
[component_container_mt-39] [INFO] [1760034389.733564079] [control.control_container]: Load Library: /home/aeon/repos/autoware/2025.02-ws/install/autoware_operation_mode_transition_manager/lib/libautoware_operation_mode_transition_manager_node.so
[topic_state_monitor_node-17] [INFO] [1760034389.771652267] [system.topic_state_monitor_transform_map_to_base_link]: /tf has not received. Set ERROR in diagnostics.
[topic_state_monitor_node-10] [INFO] [1760034389.773343229] [system.topic_state_monitor_mission_planning_route]: /planning/mission_planning/route has not received. Set ERROR in diagnostics.
[component_container_mt-35] [ERROR] [1760034389.798595170] [planning.scenario_planning.parking.costmap_generator]: Could not find a connection between 'map' and 'base_link' because they are not part of the same tree.Tf has two or more unconnected trees.
[topic_state_monitor_node-14] [INFO] [1760034389.893543456] [system.topic_state_monitor_vehicle_status_velocity_status]: /vehicle/status/velocity_status has not received. Set ERROR in diagnostics.
[topic_state_monitor_node-15] [INFO] [1760034389.893620117] [system.topic_state_monitor_vehicle_status_steering_status]: /vehicle/status/steering_status has not received. Set ERROR in diagnostics.
[component_container_mt-35] [ERROR] [1760034389.898620501] [planning.scenario_planning.parking.costmap_generator]: Could not find a connection between 'map' and 'base_link' because they are not part of the same tree.Tf has two or more unconnected trees.
[component_container_mt-33] added a slot with 1 modules
[component_container_mt-33] external_request_lane_change_left registered in slot_configuration is not registered, skipping
[component_container_mt-33] external_request_lane_change_right registered in slot_configuration is not registered, skipping
[component_container_mt-33] added a slot with 5 modules
[component_container_mt-33] added a slot with 1 modules
[component_container_mt-33] dynamic_obstacle_avoidance registered in slot_configuration is not registered, skipping
[component_container_mt-39] [INFO] [1760034389.953303780] [control.control_container]: Found class: rclcpp_components::NodeFactoryTemplate<autoware::operation_mode_transition_manager::OperationModeTransitionManager>
[component_container_mt-39] [INFO] [1760034389.953344407] [control.control_container]: Instantiate class: rclcpp_components::NodeFactoryTemplate<autoware::operation_mode_transition_manager::OperationModeTransitionManager>
[INFO] [launch_ros.actions.load_composable_nodes]: Loaded node '/planning/scenario_planning/lane_driving/behavior_planning/behavior_path_planner' in container '/planning/scenario_planning/lane_driving/behavior_planning/behavior_planning_container'
[component_container_mt-35] [ERROR] [1760034389.998625705] [planning.scenario_planning.parking.costmap_generator]: Could not find a connection between 'map' and 'base_link' because they are not part of the same tree.Tf has two or more unconnected trees.
[component_container_mt-33] [INFO] [1760034390.015282589] [planning.scenario_planning.lane_driving.behavior_planning.behavior_planning_container]: Load Library: /home/aeon/repos/autoware/2025.02-ws/install/autoware_behavior_velocity_planner/lib/libautoware_behavior_velocity_planner_lib.so
[INFO] [launch_ros.actions.load_composable_nodes]: Loaded node '/control/autoware_operation_mode_transition_manager' in container '/control/control_container'
[component_container_mt-35] [ERROR] [1760034390.098657390] [planning.scenario_planning.parking.costmap_generator]: Could not find a connection between 'map' and 'base_link' because they are not part of the same tree.Tf has two or more unconnected trees.
[component_container_mt-35] [ERROR] [1760034390.198626589] [planning.scenario_planning.parking.costmap_generator]: Could not find a connection between 'map' and 'base_link' because they are not part of the same tree.Tf has two or more unconnected trees.
[component_container_mt-35] [ERROR] [1760034390.298631179] [planning.scenario_planning.parking.costmap_generator]: Could not find a connection between 'map' and 'base_link' because they are not part of the same tree.Tf has two or more unconnected trees.
[component_container_mt-33] [INFO] [1760034390.299815263] [planning.scenario_planning.lane_driving.behavior_planning.behavior_planning_container]: Found class: rclcpp_components::NodeFactoryTemplate<autoware::behavior_velocity_planner::BehaviorVelocityPlannerNode>
[component_container_mt-33] [INFO] [1760034390.299899727] [planning.scenario_planning.lane_driving.behavior_planning.behavior_planning_container]: Instantiate class: rclcpp_components::NodeFactoryTemplate<autoware::behavior_velocity_planner::BehaviorVelocityPlannerNode>
[component_container_mt-35] [ERROR] [1760034390.398593355] [planning.scenario_planning.parking.costmap_generator]: Could not find a connection between 'map' and 'base_link' because they are not part of the same tree.Tf has two or more unconnected trees.
[ERROR] [rviz2-47]: process has died [pid 1250103, exit code -6, cmd '/opt/ros/humble/lib/rviz2/rviz2 -d /home/aeon/repos/autoware/2025.02-ws/install/autoware_launch/share/autoware_launch/rviz/autoware.rviz -s /home/aeon/repos/autoware/2025.02-ws/install/autoware_launch/share/autoware_launch/rviz/image/autoware.png --ros-args -r __node:=rviz2 -p use_sim_time:=False -p wheel_radius:=0.383 -p wheel_width:=0.235 -p wheel_base:=2.79 -p wheel_tread:=1.64 -p front_overhang:=1.0 -p rear_overhang:=1.1 -p left_overhang:=0.128 -p right_overhang:=0.128 -p vehicle_height:=2.5 -p max_steer_angle:=0.7'].
[INFO] [rviz2-47]: process started with pid [1250385]
[component_container_mt-35] [ERROR] [1760034390.498676661] [planning.scenario_planning.parking.costmap_generator]: Could not find a connection between 'map' and 'base_link' because they are not part of the same tree.Tf has two or more unconnected trees.
[rviz2-47] qt.qpa.xcb: could not connect to display :1
[rviz2-47] qt.qpa.plugin: Could not load the Qt platform plugin "xcb" in "" even though it was found.
[rviz2-47] This application failed to start because no Qt platform plugin could be initialized. Reinstalling the application may fix this problem.
[rviz2-47] 
[rviz2-47] Available platform plugins are: eglfs, linuxfb, minimal, minimalegl, offscreen, vnc, xcb.
[rviz2-47] 
[component_container_mt-35] [ERROR] [1760034390.598621015] [planning.scenario_planning.parking.costmap_generator]: Could not find a connection between 'map' and 'base_link' because they are not part of the same tree.Tf has two or more unconnected trees.
[component_container_mt-35] [ERROR] [1760034390.698621797] [planning.scenario_planning.parking.costmap_generator]: Could not find a connection between 'map' and 'base_link' because they are not part of the same tree.Tf has two or more unconnected trees.
[component_container_mt-35] [ERROR] [1760034390.798621016] [planning.scenario_planning.parking.costmap_generator]: Could not find a connection between 'map' and 'base_link' because they are not part of the same tree.Tf has two or more unconnected trees.
[autoware_scenario_selector_node-30] [INFO] [1760034390.855382085] [planning.scenario_planning.scenario_selector]: Waiting for current pose.
[component_container_mt-35] [ERROR] [1760034390.898611250] [planning.scenario_planning.parking.costmap_generator]: Could not find a connection between 'map' and 'base_link' because they are not part of the same tree.Tf has two or more unconnected trees.
[component_container_mt-35] [ERROR] [1760034390.998622005] [planning.scenario_planning.parking.costmap_generator]: Could not find a connection between 'map' and 'base_link' because they are not part of the same tree.Tf has two or more unconnected trees.
[component_container_mt-35] [ERROR] [1760034391.098751026] [planning.scenario_planning.parking.costmap_generator]: Could not find a connection between 'map' and 'base_link' because they are not part of the same tree.Tf has two or more unconnected trees.
[component_container_mt-35] [ERROR] [1760034391.198667846] [planning.scenario_planning.parking.costmap_generator]: Could not find a connection between 'map' and 'base_link' because they are not part of the same tree.Tf has two or more unconnected trees.
[component_container_mt-35] [ERROR] [1760034391.298619744] [planning.scenario_planning.parking.costmap_generator]: Could not find a connection between 'map' and 'base_link' because they are not part of the same tree.Tf has two or more unconnected trees.
[component_container_mt-35] [ERROR] [1760034391.398610979] [planning.scenario_planning.parking.costmap_generator]: Could not find a connection between 'map' and 'base_link' because they are not part of the same tree.Tf has two or more unconnected trees.
[component_container_mt-35] [ERROR] [1760034391.498595379] [planning.scenario_planning.parking.costmap_generator]: Could not find a connection between 'map' and 'base_link' because they are not part of the same tree.Tf has two or more unconnected trees.
[ERROR] [rviz2-47]: process has died [pid 1250385, exit code -6, cmd '/opt/ros/humble/lib/rviz2/rviz2 -d /home/aeon/repos/autoware/2025.02-ws/install/autoware_launch/share/autoware_launch/rviz/autoware.rviz -s /home/aeon/repos/autoware/2025.02-ws/install/autoware_launch/share/autoware_launch/rviz/image/autoware.png --ros-args -r __node:=rviz2 -p use_sim_time:=False -p wheel_radius:=0.383 -p wheel_width:=0.235 -p wheel_base:=2.79 -p wheel_tread:=1.64 -p front_overhang:=1.0 -p rear_overhang:=1.1 -p left_overhang:=0.128 -p right_overhang:=0.128 -p vehicle_height:=2.5 -p max_steer_angle:=0.7'].
[INFO] [rviz2-47]: process started with pid [1250754]
[component_container_mt-35] [ERROR] [1760034391.598604745] [planning.scenario_planning.parking.costmap_generator]: Could not find a connection between 'map' and 'base_link' because they are not part of the same tree.Tf has two or more unconnected trees.
[rviz2-47] qt.qpa.xcb: could not connect to display :1
[rviz2-47] qt.qpa.plugin: Could not load the Qt platform plugin "xcb" in "" even though it was found.
[rviz2-47] This application failed to start because no Qt platform plugin could be initialized. Reinstalling the application may fix this problem.
[rviz2-47] 
[rviz2-47] Available platform plugins are: eglfs, linuxfb, minimal, minimalegl, offscreen, vnc, xcb.
[rviz2-47] 
[component_container_mt-35] [ERROR] [1760034391.698618459] [planning.scenario_planning.parking.costmap_generator]: Could not find a connection between 'map' and 'base_link' because they are not part of the same tree.Tf has two or more unconnected trees.
[INFO] [launch_ros.actions.load_composable_nodes]: Loaded node '/planning/scenario_planning/lane_driving/behavior_planning/behavior_velocity_planner' in container '/planning/scenario_planning/lane_driving/behavior_planning/behavior_planning_container'
[component_container_mt-33] [INFO] [1760034391.714031242] [planning.scenario_planning.lane_driving.behavior_planning.behavior_planning_container]: Load Library: /home/aeon/repos/autoware/2025.02-ws/install/autoware_glog_component/lib/libautoware_glog_component.so
[component_container_mt-33] [INFO] [1760034391.716723159] [planning.scenario_planning.lane_driving.behavior_planning.behavior_planning_container]: Found class: rclcpp_components::NodeFactoryTemplate<autoware::glog_component::GlogComponent>
[component_container_mt-33] [INFO] [1760034391.716749681] [planning.scenario_planning.lane_driving.behavior_planning.behavior_planning_container]: Instantiate class: rclcpp_components::NodeFactoryTemplate<autoware::glog_component::GlogComponent>
[INFO] [launch_ros.actions.load_composable_nodes]: Loaded node '/planning/scenario_planning/lane_driving/behavior_planning/glog_component' in container '/planning/scenario_planning/lane_driving/behavior_planning/behavior_planning_container'
[component_container_mt-35] [ERROR] [1760034391.798620077] [planning.scenario_planning.parking.costmap_generator]: Could not find a connection between 'map' and 'base_link' because they are not part of the same tree.Tf has two or more unconnected trees.
[topic_state_monitor_node-8] [INFO] [1760034391.852727958] [system.topic_state_monitor_initialpose3d]: /initialpose3d has not received. Set ERROR in diagnostics.
[component_container_mt-35] [ERROR] [1760034391.898625786] [planning.scenario_planning.parking.costmap_generator]: Could not find a connection between 'map' and 'base_link' because they are not part of the same tree.Tf has two or more unconnected trees.
[component_container_mt-35] [ERROR] [1760034391.998613769] [planning.scenario_planning.parking.costmap_generator]: Could not find a connection between 'map' and 'base_link' because they are not part of the same tree.Tf has two or more unconnected trees.
[component_container_mt-28] [INFO] [1760034392.091159752] [planning.mission_planning.mission_planner]: waiting odometry... Route API is not ready.
[component_container_mt-35] [ERROR] [1760034392.098599438] [planning.scenario_planning.parking.costmap_generator]: Could not find a connection between 'map' and 'base_link' because they are not part of the same tree.Tf has two or more unconnected trees.
[component_container_mt-35] [ERROR] [1760034392.198594414] [planning.scenario_planning.parking.costmap_generator]: Could not find a connection between 'map' and 'base_link' because they are not part of the same tree.Tf has two or more unconnected trees.
[component_container_mt-35] [ERROR] [1760034392.298621419] [planning.scenario_planning.parking.costmap_generator]: Could not find a connection between 'map' and 'base_link' because they are not part of the same tree.Tf has two or more unconnected trees.
[component_container_mt-35] [ERROR] [1760034392.398615858] [planning.scenario_planning.parking.costmap_generator]: Could not find a connection between 'map' and 'base_link' because they are not part of the same tree.Tf has two or more unconnected trees.
[component_container_mt-35] [ERROR] [1760034392.498606838] [planning.scenario_planning.parking.costmap_generator]: Could not find a connection between 'map' and 'base_link' because they are not part of the same tree.Tf has two or more unconnected trees.
[topic_state_monitor_node-13] [INFO] [1760034392.577073100] [system.topic_state_monitor_control_command_control_cmd]: /control/command/control_cmd has not received. Set ERROR in diagnostics.
[topic_state_monitor_node-11] [INFO] [1760034392.577912957] [system.topic_state_monitor_scenario_planning_trajectory]: /planning/scenario_planning/trajectory has not received. Set ERROR in diagnostics.
[component_container_mt-35] [ERROR] [1760034392.598625805] [planning.scenario_planning.parking.costmap_generator]: Could not find a connection between 'map' and 'base_link' because they are not part of the same tree.Tf has two or more unconnected trees.
[topic_state_monitor_node-12] [INFO] [1760034392.677073120] [system.topic_state_monitor_trajectory_follower_control_cmd]: /control/trajectory_follower/control_cmd has not received. Set ERROR in diagnostics.
[component_container_mt-35] [ERROR] [1760034392.698611747] [planning.scenario_planning.parking.costmap_generator]: Could not find a connection between 'map' and 'base_link' because they are not part of the same tree.Tf has two or more unconnected trees.
[ERROR] [rviz2-47]: process has died [pid 1250754, exit code -6, cmd '/opt/ros/humble/lib/rviz2/rviz2 -d /home/aeon/repos/autoware/2025.02-ws/install/autoware_launch/share/autoware_launch/rviz/autoware.rviz -s /home/aeon/repos/autoware/2025.02-ws/install/autoware_launch/share/autoware_launch/rviz/image/autoware.png --ros-args -r __node:=rviz2 -p use_sim_time:=False -p wheel_radius:=0.383 -p wheel_width:=0.235 -p wheel_base:=2.79 -p wheel_tread:=1.64 -p front_overhang:=1.0 -p rear_overhang:=1.1 -p left_overhang:=0.128 -p right_overhang:=0.128 -p vehicle_height:=2.5 -p max_steer_angle:=0.7'].
[INFO] [rviz2-47]: process started with pid [1250782]
[topic_state_monitor_node-17] [INFO] [1760034392.771664273] [system.topic_state_monitor_transform_map_to_base_link]: /tf has not received. Set ERROR in diagnostics.
[rviz2-47] qt.qpa.xcb: could not connect to display :1
[rviz2-47] qt.qpa.plugin: Could not load the Qt platform plugin "xcb" in "" even though it was found.
[rviz2-47] This application failed to start because no Qt platform plugin could be initialized. Reinstalling the application may fix this problem.
[rviz2-47] 
[rviz2-47] Available platform plugins are: eglfs, linuxfb, minimal, minimalegl, offscreen, vnc, xcb.
[rviz2-47] 
[component_container_mt-35] [ERROR] [1760034392.798618751] [planning.scenario_planning.parking.costmap_generator]: Could not find a connection between 'map' and 'base_link' because they are not part of the same tree.Tf has two or more unconnected trees.
[topic_state_monitor_node-10] [INFO] [1760034392.873235088] [system.topic_state_monitor_mission_planning_route]: /planning/mission_planning/route has not received. Set ERROR in diagnostics.
[component_container_mt-35] [ERROR] [1760034392.898617554] [planning.scenario_planning.parking.costmap_generator]: Could not find a connection between 'map' and 'base_link' because they are not part of the same tree.Tf has two or more unconnected trees.
[topic_state_monitor_node-14] [INFO] [1760034392.993526405] [system.topic_state_monitor_vehicle_status_velocity_status]: /vehicle/status/velocity_status has not received. Set ERROR in diagnostics.
[topic_state_monitor_node-15] [INFO] [1760034392.993588773] [system.topic_state_monitor_vehicle_status_steering_status]: /vehicle/status/steering_status has not received. Set ERROR in diagnostics.
[component_container_mt-35] [ERROR] [1760034392.998615343] [planning.scenario_planning.parking.costmap_generator]: Could not find a connection between 'map' and 'base_link' because they are not part of the same tree.Tf has two or more unconnected trees.
[component_container_mt-35] [ERROR] [1760034393.098614385] [planning.scenario_planning.parking.costmap_generator]: Could not find a connection between 'map' and 'base_link' because they are not part of the same tree.Tf has two or more unconnected trees.
[component_container_mt-35] [ERROR] [1760034393.198615248] [planning.scenario_planning.parking.costmap_generator]: Could not find a connection between 'map' and 'base_link' because they are not part of the same tree.Tf has two or more unconnected trees.
[component_container_mt-35] [ERROR] [1760034393.298619248] [planning.scenario_planning.parking.costmap_generator]: Could not find a connection between 'map' and 'base_link' because they are not part of the same tree.Tf has two or more unconnected trees.
[component_container_mt-40] [INFO] [1760034393.366198545] [control.trajectory_follower.lane_departure_checker_node]: waiting for current_twist msg...
[component_container_mt-35] [ERROR] [1760034393.398636491] [planning.scenario_planning.parking.costmap_generator]: Could not find a connection between 'map' and 'base_link' because they are not part of the same tree.Tf has two or more unconnected trees.
[simple_planning_simulator_exe-61] [INFO] [1760034393.498059932] [simulation.simple_planning_simulator]: waiting initialization...
[component_container_mt-35] [ERROR] [1760034393.498685151] [planning.scenario_planning.parking.costmap_generator]: Could not find a connection between 'map' and 'base_link' because they are not part of the same tree.Tf has two or more unconnected trees.
[component_container_mt-40] [INFO] [1760034393.501618901] [control.collision_detector]: waiting for current odometry...
[component_container_mt-35] [ERROR] [1760034393.598608273] [planning.scenario_planning.parking.costmap_generator]: Could not find a connection between 'map' and 'base_link' because they are not part of the same tree.Tf has two or more unconnected trees.
[component_container_mt-35] [ERROR] [1760034393.698608259] [planning.scenario_planning.parking.costmap_generator]: Could not find a connection between 'map' and 'base_link' because they are not part of the same tree.Tf has two or more unconnected trees.
[component_container_mt-35] [ERROR] [1760034393.798615165] [planning.scenario_planning.parking.costmap_generator]: Could not find a connection between 'map' and 'base_link' because they are not part of the same tree.Tf has two or more unconnected trees.
[ERROR] [rviz2-47]: process has died [pid 1250782, exit code -6, cmd '/opt/ros/humble/lib/rviz2/rviz2 -d /home/aeon/repos/autoware/2025.02-ws/install/autoware_launch/share/autoware_launch/rviz/autoware.rviz -s /home/aeon/repos/autoware/2025.02-ws/install/autoware_launch/share/autoware_launch/rviz/image/autoware.png --ros-args -r __node:=rviz2 -p use_sim_time:=False -p wheel_radius:=0.383 -p wheel_width:=0.235 -p wheel_base:=2.79 -p wheel_tread:=1.64 -p front_overhang:=1.0 -p rear_overhang:=1.1 -p left_overhang:=0.128 -p right_overhang:=0.128 -p vehicle_height:=2.5 -p max_steer_angle:=0.7'].
[INFO] [rviz2-47]: process started with pid [1250790]
[component_container_mt-35] [ERROR] [1760034393.898620326] [planning.scenario_planning.parking.costmap_generator]: Could not find a connection between 'map' and 'base_link' because they are not part of the same tree.Tf has two or more unconnected trees.
[rviz2-47] qt.qpa.xcb: could not connect to display :1
[rviz2-47] qt.qpa.plugin: Could not load the Qt platform plugin "xcb" in "" even though it was found.
[rviz2-47] This application failed to start because no Qt platform plugin could be initialized. Reinstalling the application may fix this problem.
[rviz2-47] 
[rviz2-47] Available platform plugins are: eglfs, linuxfb, minimal, minimalegl, offscreen, vnc, xcb.
[rviz2-47] 
[component_container_mt-40] [INFO] [1760034393.931772017] [control.autonomous_emergency_braking]: [AEB] waiting for ego velocity
[component_container_mt-35] [ERROR] [1760034393.998615790] [planning.scenario_planning.parking.costmap_generator]: Could not find a connection between 'map' and 'base_link' because they are not part of the same tree.Tf has two or more unconnected trees.
[component_container_mt-39] [INFO] [1760034394.077892379] [control.trajectory_follower.controller_node_exe]: Waiting for acceleration data
[component_container_mt-39] [INFO] [1760034394.077982519] [control.trajectory_follower.controller_node_exe]: Control is skipped since input data is not ready.
[component_container_mt-35] [ERROR] [1760034394.098617760] [planning.scenario_planning.parking.costmap_generator]: Could not find a connection between 'map' and 'base_link' because they are not part of the same tree.Tf has two or more unconnected trees.
[component_container_mt-35] [ERROR] [1760034394.198617838] [planning.scenario_planning.parking.costmap_generator]: Could not find a connection between 'map' and 'base_link' because they are not part of the same tree.Tf has two or more unconnected trees.
[component_container_mt-35] [ERROR] [1760034394.298615052] [planning.scenario_planning.parking.costmap_generator]: Could not find a connection between 'map' and 'base_link' because they are not part of the same tree.Tf has two or more unconnected trees.
[component_container_mt-35] [ERROR] [1760034394.398616122] [planning.scenario_planning.parking.costmap_generator]: Could not find a connection between 'map' and 'base_link' because they are not part of the same tree.Tf has two or more unconnected trees.
[component_container_mt-35] [ERROR] [1760034394.498620222] [planning.scenario_planning.parking.costmap_generator]: Could not find a connection between 'map' and 'base_link' because they are not part of the same tree.Tf has two or more unconnected trees.
[component_container_mt-35] [ERROR] [1760034394.598600644] [planning.scenario_planning.parking.costmap_generator]: Could not find a connection between 'map' and 'base_link' because they are not part of the same tree.Tf has two or more unconnected trees.
[component_container_mt-35] [ERROR] [1760034394.698614919] [planning.scenario_planning.parking.costmap_generator]: Could not find a connection between 'map' and 'base_link' because they are not part of the same tree.Tf has two or more unconnected trees.
[component_container_mt-35] [ERROR] [1760034394.798608344] [planning.scenario_planning.parking.costmap_generator]: Could not find a connection between 'map' and 'base_link' because they are not part of the same tree.Tf has two or more unconnected trees.
[component_container_mt-35] [ERROR] [1760034394.898692193] [planning.scenario_planning.parking.costmap_generator]: Could not find a connection between 'map' and 'base_link' because they are not part of the same tree.Tf has two or more unconnected trees.
[topic_state_monitor_node-8] [INFO] [1760034394.952725157] [system.topic_state_monitor_initialpose3d]: /initialpose3d has not received. Set ERROR in diagnostics.
[ERROR] [rviz2-47]: process has died [pid 1250790, exit code -6, cmd '/opt/ros/humble/lib/rviz2/rviz2 -d /home/aeon/repos/autoware/2025.02-ws/install/autoware_launch/share/autoware_launch/rviz/autoware.rviz -s /home/aeon/repos/autoware/2025.02-ws/install/autoware_launch/share/autoware_launch/rviz/image/autoware.png --ros-args -r __node:=rviz2 -p use_sim_time:=False -p wheel_radius:=0.383 -p wheel_width:=0.235 -p wheel_base:=2.79 -p wheel_tread:=1.64 -p front_overhang:=1.0 -p rear_overhang:=1.1 -p left_overhang:=0.128 -p right_overhang:=0.128 -p vehicle_height:=2.5 -p max_steer_angle:=0.7'].
[INFO] [rviz2-47]: process started with pid [1250798]
[component_container_mt-35] [ERROR] [1760034394.998616457] [planning.scenario_planning.parking.costmap_generator]: Could not find a connection between 'map' and 'base_link' because they are not part of the same tree.Tf has two or more unconnected trees.
[rviz2-47] qt.qpa.xcb: could not connect to display :1
[rviz2-47] qt.qpa.plugin: Could not load the Qt platform plugin "xcb" in "" even though it was found.
[rviz2-47] This application failed to start because no Qt platform plugin could be initialized. Reinstalling the application may fix this problem.
[rviz2-47] 
[rviz2-47] Available platform plugins are: eglfs, linuxfb, minimal, minimalegl, offscreen, vnc, xcb.
[rviz2-47] 
[component_container_mt-35] [ERROR] [1760034395.098619486] [planning.scenario_planning.parking.costmap_generator]: Could not find a connection between 'map' and 'base_link' because they are not part of the same tree.Tf has two or more unconnected trees.
[component_container_mt-35] [ERROR] [1760034395.198589416] [planning.scenario_planning.parking.costmap_generator]: Could not find a connection between 'map' and 'base_link' because they are not part of the same tree.Tf has two or more unconnected trees.
[component_container_mt-35] [ERROR] [1760034395.298616264] [planning.scenario_planning.parking.costmap_generator]: Could not find a connection between 'map' and 'base_link' because they are not part of the same tree.Tf has two or more unconnected trees.
[component_container_mt-33] [INFO] [1760034395.354338269] [planning.scenario_planning.lane_driving.behavior_planning.behavior_path_planner]: waiting for scenario_topic
[component_container_mt-35] [ERROR] [1760034395.398615504] [planning.scenario_planning.parking.costmap_generator]: Could not find a connection between 'map' and 'base_link' because they are not part of the same tree.Tf has two or more unconnected trees.
[component_container_mt-35] [ERROR] [1760034395.498619264] [planning.scenario_planning.parking.costmap_generator]: Could not find a connection between 'map' and 'base_link' because they are not part of the same tree.Tf has two or more unconnected trees.
[topic_state_monitor_node-13] [INFO] [1760034395.577074127] [system.topic_state_monitor_control_command_control_cmd]: /control/command/control_cmd has not received. Set ERROR in diagnostics.
[topic_state_monitor_node-11] [INFO] [1760034395.577914195] [system.topic_state_monitor_scenario_planning_trajectory]: /planning/scenario_planning/trajectory has not received. Set ERROR in diagnostics.
[component_container_mt-35] [ERROR] [1760034395.598617932] [planning.scenario_planning.parking.costmap_generator]: Could not find a connection between 'map' and 'base_link' because they are not part of the same tree.Tf has two or more unconnected trees.
[topic_state_monitor_node-12] [INFO] [1760034395.677074629] [system.topic_state_monitor_trajectory_follower_control_cmd]: /control/trajectory_follower/control_cmd has not received. Set ERROR in diagnostics.
[component_container_mt-35] [ERROR] [1760034395.698627601] [planning.scenario_planning.parking.costmap_generator]: Could not find a connection between 'map' and 'base_link' because they are not part of the same tree.Tf has two or more unconnected trees.
[component_container_mt-35] [ERROR] [1760034395.798615612] [planning.scenario_planning.parking.costmap_generator]: Could not find a connection between 'map' and 'base_link' because they are not part of the same tree.Tf has two or more unconnected trees.
[topic_state_monitor_node-17] [INFO] [1760034395.871653002] [system.topic_state_monitor_transform_map_to_base_link]: /tf has not received. Set ERROR in diagnostics.
[topic_state_monitor_node-10] [INFO] [1760034395.873236198] [system.topic_state_monitor_mission_planning_route]: /planning/mission_planning/route has not received. Set ERROR in diagnostics.
[component_container_mt-35] [ERROR] [1760034395.898613788] [planning.scenario_planning.parking.costmap_generator]: Could not find a connection between 'map' and 'base_link' because they are not part of the same tree.Tf has two or more unconnected trees.
[autoware_scenario_selector_node-30] [INFO] [1760034395.955332968] [planning.scenario_planning.scenario_selector]: Waiting for current pose.
[topic_state_monitor_node-14] [INFO] [1760034395.993583218] [system.topic_state_monitor_vehicle_status_velocity_status]: /vehicle/status/velocity_status has not received. Set ERROR in diagnostics.
[topic_state_monitor_node-15] [INFO] [1760034395.993614687] [system.topic_state_monitor_vehicle_status_steering_status]: /vehicle/status/steering_status has not received. Set ERROR in diagnostics.
[component_container_mt-35] [ERROR] [1760034395.998620559] [planning.scenario_planning.parking.costmap_generator]: Could not find a connection between 'map' and 'base_link' because they are not part of the same tree.Tf has two or more unconnected trees.
[component_container_mt-35] [ERROR] [1760034396.098590902] [planning.scenario_planning.parking.costmap_generator]: Could not find a connection between 'map' and 'base_link' because they are not part of the same tree.Tf has two or more unconnected trees.
[ERROR] [rviz2-47]: process has died [pid 1250798, exit code -6, cmd '/opt/ros/humble/lib/rviz2/rviz2 -d /home/aeon/repos/autoware/2025.02-ws/install/autoware_launch/share/autoware_launch/rviz/autoware.rviz -s /home/aeon/repos/autoware/2025.02-ws/install/autoware_launch/share/autoware_launch/rviz/image/autoware.png --ros-args -r __node:=rviz2 -p use_sim_time:=False -p wheel_radius:=0.383 -p wheel_width:=0.235 -p wheel_base:=2.79 -p wheel_tread:=1.64 -p front_overhang:=1.0 -p rear_overhang:=1.1 -p left_overhang:=0.128 -p right_overhang:=0.128 -p vehicle_height:=2.5 -p max_steer_angle:=0.7'].
[INFO] [rviz2-47]: process started with pid [1250864]
[rviz2-47] qt.qpa.xcb: could not connect to display :1
[rviz2-47] qt.qpa.plugin: Could not load the Qt platform plugin "xcb" in "" even though it was found.
[rviz2-47] This application failed to start because no Qt platform plugin could be initialized. Reinstalling the application may fix this problem.
[rviz2-47] 
[rviz2-47] Available platform plugins are: eglfs, linuxfb, minimal, minimalegl, offscreen, vnc, xcb.
[rviz2-47] 
[component_container_mt-35] [ERROR] [1760034396.198616851] [planning.scenario_planning.parking.costmap_generator]: Could not find a connection between 'map' and 'base_link' because they are not part of the same tree.Tf has two or more unconnected trees.
[component_container_mt-35] [ERROR] [1760034396.298617152] [planning.scenario_planning.parking.costmap_generator]: Could not find a connection between 'map' and 'base_link' because they are not part of the same tree.Tf has two or more unconnected trees.
[component_container_mt-35] [ERROR] [1760034396.398619784] [planning.scenario_planning.parking.costmap_generator]: Could not find a connection between 'map' and 'base_link' because they are not part of the same tree.Tf has two or more unconnected trees.
[component_container_mt-35] [ERROR] [1760034396.498613901] [planning.scenario_planning.parking.costmap_generator]: Could not find a connection between 'map' and 'base_link' because they are not part of the same tree.Tf has two or more unconnected trees.
[component_container_mt-35] [ERROR] [1760034396.598591153] [planning.scenario_planning.parking.costmap_generator]: Could not find a connection between 'map' and 'base_link' because they are not part of the same tree.Tf has two or more unconnected trees.
[component_container_mt-35] [ERROR] [1760034396.698613733] [planning.scenario_planning.parking.costmap_generator]: Could not find a connection between 'map' and 'base_link' because they are not part of the same tree.Tf has two or more unconnected trees.
[component_container_mt-35] [ERROR] [1760034396.798689868] [planning.scenario_planning.parking.costmap_generator]: Could not find a connection between 'map' and 'base_link' because they are not part of the same tree.Tf has two or more unconnected trees.
[component_container_mt-35] [ERROR] [1760034396.898608500] [planning.scenario_planning.parking.costmap_generator]: Could not find a connection between 'map' and 'base_link' because they are not part of the same tree.Tf has two or more unconnected trees.
[component_container_mt-35] [ERROR] [1760034396.998608785] [planning.scenario_planning.parking.costmap_generator]: Could not find a connection between 'map' and 'base_link' because they are not part of the same tree.Tf has two or more unconnected trees.
[component_container_mt-28] [INFO] [1760034397.091174134] [planning.mission_planning.mission_planner]: waiting odometry... Route API is not ready.
[component_container_mt-35] [ERROR] [1760034397.098614686] [planning.scenario_planning.parking.costmap_generator]: Could not find a connection between 'map' and 'base_link' because they are not part of the same tree.Tf has two or more unconnected trees.
[component_container_mt-35] [ERROR] [1760034397.198612834] [planning.scenario_planning.parking.costmap_generator]: Could not find a connection between 'map' and 'base_link' because they are not part of the same tree.Tf has two or more unconnected trees.
[ERROR] [rviz2-47]: process has died [pid 1250864, exit code -6, cmd '/opt/ros/humble/lib/rviz2/rviz2 -d /home/aeon/repos/autoware/2025.02-ws/install/autoware_launch/share/autoware_launch/rviz/autoware.rviz -s /home/aeon/repos/autoware/2025.02-ws/install/autoware_launch/share/autoware_launch/rviz/image/autoware.png --ros-args -r __node:=rviz2 -p use_sim_time:=False -p wheel_radius:=0.383 -p wheel_width:=0.235 -p wheel_base:=2.79 -p wheel_tread:=1.64 -p front_overhang:=1.0 -p rear_overhang:=1.1 -p left_overhang:=0.128 -p right_overhang:=0.128 -p vehicle_height:=2.5 -p max_steer_angle:=0.7'].
[INFO] [rviz2-47]: process started with pid [1250882]
[component_container_mt-35] [ERROR] [1760034397.298617992] [planning.scenario_planning.parking.costmap_generator]: Could not find a connection between 'map' and 'base_link' because they are not part of the same tree.Tf has two or more unconnected trees.
[rviz2-47] qt.qpa.xcb: could not connect to display :1
[rviz2-47] qt.qpa.plugin: Could not load the Qt platform plugin "xcb" in "" even though it was found.
[rviz2-47] This application failed to start because no Qt platform plugin could be initialized. Reinstalling the application may fix this problem.
[rviz2-47] 
[rviz2-47] Available platform plugins are: eglfs, linuxfb, minimal, minimalegl, offscreen, vnc, xcb.
[rviz2-47] 
[component_container_mt-35] [ERROR] [1760034397.398621254] [planning.scenario_planning.parking.costmap_generator]: Could not find a connection between 'map' and 'base_link' because they are not part of the same tree.Tf has two or more unconnected trees.
[component_container_mt-35] [ERROR] [1760034397.498617967] [planning.scenario_planning.parking.costmap_generator]: Could not find a connection between 'map' and 'base_link' because they are not part of the same tree.Tf has two or more unconnected trees.
[component_container_mt-35] [ERROR] [1760034397.598613456] [planning.scenario_planning.parking.costmap_generator]: Could not find a connection between 'map' and 'base_link' because they are not part of the same tree.Tf has two or more unconnected trees.
[component_container_mt-35] [ERROR] [1760034397.698591211] [planning.scenario_planning.parking.costmap_generator]: Could not find a connection between 'map' and 'base_link' because they are not part of the same tree.Tf has two or more unconnected trees.
[component_container_mt-35] [ERROR] [1760034397.798613731] [planning.scenario_planning.parking.costmap_generator]: Could not find a connection between 'map' and 'base_link' because they are not part of the same tree.Tf has two or more unconnected trees.
[component_container_mt-35] [ERROR] [1760034397.898612229] [planning.scenario_planning.parking.costmap_generator]: Could not find a connection between 'map' and 'base_link' because they are not part of the same tree.Tf has two or more unconnected trees.
[topic_state_monitor_node-8] [INFO] [1760034397.952727821] [system.topic_state_monitor_initialpose3d]: /initialpose3d has not received. Set ERROR in diagnostics.
[component_container_mt-35] [ERROR] [1760034397.998612872] [planning.scenario_planning.parking.costmap_generator]: Could not find a connection between 'map' and 'base_link' because they are not part of the same tree.Tf has two or more unconnected trees.
[component_container_mt-35] [ERROR] [1760034398.098609335] [planning.scenario_planning.parking.costmap_generator]: Could not find a connection between 'map' and 'base_link' because they are not part of the same tree.Tf has two or more unconnected trees.
[component_container_mt-35] [ERROR] [1760034398.198613119] [planning.scenario_planning.parking.costmap_generator]: Could not find a connection between 'map' and 'base_link' because they are not part of the same tree.Tf has two or more unconnected trees.
[component_container_mt-35] [ERROR] [1760034398.298617033] [planning.scenario_planning.parking.costmap_generator]: Could not find a connection between 'map' and 'base_link' because they are not part of the same tree.Tf has two or more unconnected trees.
[component_container_mt-40] [INFO] [1760034398.366200569] [control.trajectory_follower.lane_departure_checker_node]: waiting for current_twist msg...
[ERROR] [rviz2-47]: process has died [pid 1250882, exit code -6, cmd '/opt/ros/humble/lib/rviz2/rviz2 -d /home/aeon/repos/autoware/2025.02-ws/install/autoware_launch/share/autoware_launch/rviz/autoware.rviz -s /home/aeon/repos/autoware/2025.02-ws/install/autoware_launch/share/autoware_launch/rviz/image/autoware.png --ros-args -r __node:=rviz2 -p use_sim_time:=False -p wheel_radius:=0.383 -p wheel_width:=0.235 -p wheel_base:=2.79 -p wheel_tread:=1.64 -p front_overhang:=1.0 -p rear_overhang:=1.1 -p left_overhang:=0.128 -p right_overhang:=0.128 -p vehicle_height:=2.5 -p max_steer_angle:=0.7'].
[INFO] [rviz2-47]: process started with pid [1250897]
[component_container_mt-35] [ERROR] [1760034398.398619048] [planning.scenario_planning.parking.costmap_generator]: Could not find a connection between 'map' and 'base_link' because they are not part of the same tree.Tf has two or more unconnected trees.
[rviz2-47] qt.qpa.xcb: could not connect to display :1
[rviz2-47] qt.qpa.plugin: Could not load the Qt platform plugin "xcb" in "" even though it was found.
[rviz2-47] This application failed to start because no Qt platform plugin could be initialized. Reinstalling the application may fix this problem.
[rviz2-47] 
[rviz2-47] Available platform plugins are: eglfs, linuxfb, minimal, minimalegl, offscreen, vnc, xcb.
[rviz2-47] 
[component_container_mt-35] [ERROR] [1760034398.498615820] [planning.scenario_planning.parking.costmap_generator]: Could not find a connection between 'map' and 'base_link' because they are not part of the same tree.Tf has two or more unconnected trees.
[component_container_mt-40] [INFO] [1760034398.501626412] [control.collision_detector]: waiting for current odometry...
[simple_planning_simulator_exe-61] [INFO] [1760034398.523083046] [simulation.simple_planning_simulator]: waiting initialization...
[component_container_mt-35] [ERROR] [1760034398.598617731] [planning.scenario_planning.parking.costmap_generator]: Could not find a connection between 'map' and 'base_link' because they are not part of the same tree.Tf has two or more unconnected trees.
[topic_state_monitor_node-13] [INFO] [1760034398.677061780] [system.topic_state_monitor_control_command_control_cmd]: /control/command/control_cmd has not received. Set ERROR in diagnostics.
[topic_state_monitor_node-12] [INFO] [1760034398.677116423] [system.topic_state_monitor_trajectory_follower_control_cmd]: /control/trajectory_follower/control_cmd has not received. Set ERROR in diagnostics.
[topic_state_monitor_node-11] [INFO] [1760034398.677913916] [system.topic_state_monitor_scenario_planning_trajectory]: /planning/scenario_planning/trajectory has not received. Set ERROR in diagnostics.
[component_container_mt-35] [ERROR] [1760034398.698613512] [planning.scenario_planning.parking.costmap_generator]: Could not find a connection between 'map' and 'base_link' because they are not part of the same tree.Tf has two or more unconnected trees.
[component_container_mt-35] [ERROR] [1760034398.798612974] [planning.scenario_planning.parking.costmap_generator]: Could not find a connection between 'map' and 'base_link' because they are not part of the same tree.Tf has two or more unconnected trees.
[topic_state_monitor_node-17] [INFO] [1760034398.871662234] [system.topic_state_monitor_transform_map_to_base_link]: /tf has not received. Set ERROR in diagnostics.
[component_container_mt-35] [ERROR] [1760034398.898592215] [planning.scenario_planning.parking.costmap_generator]: Could not find a connection between 'map' and 'base_link' because they are not part of the same tree.Tf has two or more unconnected trees.
[component_container_mt-40] [INFO] [1760034398.931778114] [control.autonomous_emergency_braking]: [AEB] waiting for ego velocity
[topic_state_monitor_node-10] [INFO] [1760034398.973233626] [system.topic_state_monitor_mission_planning_route]: /planning/mission_planning/route has not received. Set ERROR in diagnostics.
[component_container_mt-35] [ERROR] [1760034398.998612150] [planning.scenario_planning.parking.costmap_generator]: Could not find a connection between 'map' and 'base_link' because they are not part of the same tree.Tf has two or more unconnected trees.
[component_container_mt-39] [INFO] [1760034399.087908631] [control.trajectory_follower.controller_node_exe]: Waiting for acceleration data
[component_container_mt-39] [INFO] [1760034399.087974753] [control.trajectory_follower.controller_node_exe]: Control is skipped since input data is not ready.
[topic_state_monitor_node-14] [INFO] [1760034399.093555242] [system.topic_state_monitor_vehicle_status_velocity_status]: /vehicle/status/velocity_status has not received. Set ERROR in diagnostics.
[topic_state_monitor_node-15] [INFO] [1760034399.093589415] [system.topic_state_monitor_vehicle_status_steering_status]: /vehicle/status/steering_status has not received. Set ERROR in diagnostics.
